Component: ARM Compiler 5.06 update 6 (build 750) Tool: armlink [4d35ed]

==============================================================================

Section Cross References

    main.o(.text) refers to delay.o(.text) for delay_init
    main.o(.text) refers to task.o(.text) for BSP_Init
    main.o(.text) refers to timer2.o(.data) for Count_1ms
    system_stm32f4xx.o(.text) refers to system_stm32f4xx.o(.data) for SystemCoreClock
    startup_stm32f40_41xxx.o(STACK) refers (Special) to heapauxi.o(.text) for __use_two_region_memory
    startup_stm32f40_41xxx.o(HEAP) refers (Special) to heapauxi.o(.text) for __use_two_region_memory
    startup_stm32f40_41xxx.o(RESET) refers (Special) to heapauxi.o(.text) for __use_two_region_memory
    startup_stm32f40_41xxx.o(RESET) refers to startup_stm32f40_41xxx.o(STACK) for __initial_sp
    startup_stm32f40_41xxx.o(RESET) refers to startup_stm32f40_41xxx.o(.text) for Reset_Handler
    startup_stm32f40_41xxx.o(RESET) refers to stm32f4xx_it.o(.text) for NMI_Handler
    startup_stm32f40_41xxx.o(RESET) refers to can1.o(.text) for CAN1_TX_IRQHandler
    startup_stm32f40_41xxx.o(RESET) refers to exti.o(.text) for EXTI9_5_IRQHandler
    startup_stm32f40_41xxx.o(RESET) refers to timer2.o(.text) for TIM2_IRQHandler
    startup_stm32f40_41xxx.o(RESET) refers to encoder.o(.text) for TIM3_IRQHandler
    startup_stm32f40_41xxx.o(RESET) refers to usart.o(.text) for USART1_IRQHandler
    startup_stm32f40_41xxx.o(RESET) refers to gyro_uart.o(.text) for UART4_IRQHandler
    startup_stm32f40_41xxx.o(RESET) refers to ras_usart.o(.text) for UART5_IRQHandler
    startup_stm32f40_41xxx.o(RESET) refers to can2.o(.text) for CAN2_TX_IRQHandler
    startup_stm32f40_41xxx.o(.text) refers (Special) to heapauxi.o(.text) for __use_two_region_memory
    startup_stm32f40_41xxx.o(.text) refers to system_stm32f4xx.o(.text) for SystemInit
    startup_stm32f40_41xxx.o(.text) refers to __main.o(!!!main) for __main
    startup_stm32f40_41xxx.o(.text) refers to startup_stm32f40_41xxx.o(HEAP) for Heap_Mem
    startup_stm32f40_41xxx.o(.text) refers to startup_stm32f40_41xxx.o(STACK) for Stack_Mem
    stm32f4xx_gpio.o(.text) refers to stm32f4xx_rcc.o(.text) for RCC_AHB1PeriphResetCmd
    stm32f4xx_rcc.o(.text) refers to stm32f4xx_rcc.o(.data) for APBAHBPrescTable
    stm32f4xx_spi.o(.text) refers to stm32f4xx_rcc.o(.text) for RCC_APB2PeriphResetCmd
    stm32f4xx_syscfg.o(.text) refers to stm32f4xx_rcc.o(.text) for RCC_APB2PeriphResetCmd
    stm32f4xx_tim.o(.text) refers to stm32f4xx_rcc.o(.text) for RCC_APB2PeriphResetCmd
    stm32f4xx_usart.o(.text) refers to stm32f4xx_rcc.o(.text) for RCC_APB2PeriphResetCmd
    stm32f4xx_hash.o(.text) refers to stm32f4xx_rcc.o(.text) for RCC_AHB2PeriphResetCmd
    stm32f4xx_can.o(.text) refers to stm32f4xx_rcc.o(.text) for RCC_APB1PeriphResetCmd
    delay.o(.text) refers to misc.o(.text) for SysTick_CLKSourceConfig
    delay.o(.text) refers to delay.o(.data) for fac_us
    usart.o(.rev16_text) refers (Special) to use_no_semi_2.o(.text) for __use_no_semihosting
    usart.o(.revsh_text) refers (Special) to use_no_semi_2.o(.text) for __use_no_semihosting
    usart.o(.text) refers (Special) to use_no_semi_2.o(.text) for __use_no_semihosting
    usart.o(.text) refers to stm32f4xx_rcc.o(.text) for RCC_AHB1PeriphClockCmd
    usart.o(.text) refers to stm32f4xx_gpio.o(.text) for GPIO_PinAFConfig
    usart.o(.text) refers to stm32f4xx_usart.o(.text) for USART_Init
    usart.o(.text) refers to misc.o(.text) for NVIC_Init
    usart.o(.text) refers to usart.o(.data) for USART_RX_STA
    usart.o(.text) refers to usart.o(.bss) for USART_RX_BUF
    usart.o(.bss) refers (Special) to use_no_semi_2.o(.text) for __use_no_semihosting
    usart.o(.data) refers (Special) to use_no_semi_2.o(.text) for __use_no_semihosting
    timer2.o(.text) refers to stm32f4xx_rcc.o(.text) for RCC_APB1PeriphClockCmd
    timer2.o(.text) refers to stm32f4xx_tim.o(.text) for TIM_DeInit
    timer2.o(.text) refers to task.o(.data) for Bsp_Int_Ok
    timer2.o(.text) refers to timer2.o(.data) for Timer2_Count
    protocol.o(.text) refers to stm32f4xx_rcc.o(.text) for RCC_AHB1PeriphClockCmd
    protocol.o(.text) refers to stm32f4xx_dma.o(.text) for DMA_DeInit
    encoder.o(.text) refers to stm32f4xx_rcc.o(.text) for RCC_APB1PeriphClockCmd
    encoder.o(.text) refers to stm32f4xx_gpio.o(.text) for GPIO_Init
    encoder.o(.text) refers to stm32f4xx_tim.o(.text) for TIM_TimeBaseStructInit
    iwdg.o(.text) refers to stm32f4xx_iwdg.o(.text) for IWDG_WriteAccessCmd
    can1.o(.text) refers to pid.o(.text) for PID_Init
    can1.o(.text) refers to stm32f4xx_can.o(.text) for CAN_Transmit
    can1.o(.text) refers to remote_task.o(.text) for RM_Auto_Offset
    can1.o(.text) refers to can1.o(.bss) for TAKEBALL_PID
    can1.o(.text) refers to can1.o(.data) for can_tx_success_flag
    can1.o(.text) refers to ps2_task.o(.data) for REMOTE
    can1.o(.text) refers to task.o(.data) for TAKEBALL_STATE
[...]
    DMA2_Stream3_IRQHandler                  0x08000587   Thumb Code     0  startup_stm32f40_41xxx.o(.text)
    DMA2_Stream4_IRQHandler                  0x08000587   Thumb Code     0  startup_stm32f40_41xxx.o(.text)
    DMA2_Stream5_IRQHandler                  0x08000587   Thumb Code     0  startup_stm32f40_41xxx.o(.text)
    DMA2_Stream6_IRQHandler                  0x08000587   Thumb Code     0  startup_stm32f40_41xxx.o(.text)
    DMA2_Stream7_IRQHandler                  0x08000587   Thumb Code     0  startup_stm32f40_41xxx.o(.text)
    ETH_IRQHandler                           0x08000587   Thumb Code     0  startup_stm32f40_41xxx.o(.text)
    ETH_WKUP_IRQHandler                      0x08000587   Thumb Code     0  startup_stm32f40_41xxx.o(.text)
    EXTI0_IRQHandler                         0x08000587   Thumb Code     0  startup_stm32f40_41xxx.o(.text)
    EXTI15_10_IRQHandler                     0x08000587   Thumb Code     0  startup_stm32f40_41xxx.o(.text)
    EXTI1_IRQHandler                         0x08000587   Thumb Code     0  startup_stm32f40_41xxx.o(.text)
    EXTI2_IRQHandler                         0x08000587   Thumb Code     0  startup_stm32f40_41xxx.o(.text)
    EXTI3_IRQHandler                         0x08000587   Thumb Code     0  startup_stm32f40_41xxx.o(.text)
    EXTI4_IRQHandler                         0x08000587   Thumb Code     0  startup_stm32f40_41xxx.o(.text)
    FLASH_IRQHandler                         0x08000587   Thumb Code     0  startup_stm32f40_41xxx.o(.text)
    FPU_IRQHandler                           0x08000587   Thumb Code     0  startup_stm32f40_41xxx.o(.text)
    FSMC_IRQHandler                          0x08000587   Thumb Code     0  startup_stm32f40_41xxx.o(.text)
    HASH_RNG_IRQHandler                      0x08000587   Thumb Code     0  startup_stm32f40_41xxx.o(.text)
    I2C1_ER_IRQHandler                       0x08000587   Thumb Code     0  startup_stm32f40_41xxx.o(.text)
    I2C1_EV_IRQHandler                       0x08000587   Thumb Code     0  startup_stm32f40_41xxx.o(.text)
    I2C2_ER_IRQHandler                       0x08000587   Thumb Code     0  startup_stm32f40_41xxx.o(.text)
    I2C2_EV_IRQHandler                       0x08000587   Thumb Code     0  startup_stm32f40_41xxx.o(.text)
    I2C3_ER_IRQHandler                       0x08000587   Thumb Code     0  startup_stm32f40_41xxx.o(.text)
    I2C3_EV_IRQHandler                       0x08000587   Thumb Code     0  startup_stm32f40_41xxx.o(.text)
    OTG_FS_IRQHandler                        0x08000587   Thumb Code     0  startup_stm32f40_41xxx.o(.text)
    OTG_FS_WKUP_IRQHandler                   0x08000587   Thumb Code     0  startup_stm32f40_41xxx.o(.text)
    OTG_HS_EP1_IN_IRQHandler                 0x08000587   Thumb Code     0  startup_stm32f40_41xxx.o(.text)
    OTG_HS_EP1_OUT_IRQHandler                0x08000587   Thumb Code     0  startup_stm32f40_41xxx.o(.text)
    OTG_HS_IRQHandler                        0x08000587   Thumb Code     0  startup_stm32f40_41xxx.o(.text)
    OTG_HS_WKUP_IRQHandler                   0x08000587   Thumb Code     0  startup_stm32f40_41xxx.o(.text)
    PVD_IRQHandler                           0x08000587   Thumb Code     0  startup_stm32f40_41xxx.o(.text)
    RCC_IRQHandler                           0x08000587   Thumb Code     0  startup_stm32f40_41xxx.o(.text)
    RTC_Alarm_IRQHandler                     0x08000587   Thumb Code     0  startup_stm32f40_41xxx.o(.text)
    RTC_WKUP_IRQHandler                      0x08000587   Thumb Code     0  startup_stm32f40_41xxx.o(.text)
    SDIO_IRQHandler                          0x08000587   Thumb Code     0  startup_stm32f40_41xxx.o(.text)
    SPI1_IRQHandler                          0x08000587   Thumb Code     0  startup_stm32f40_41xxx.o(.text)
    SPI2_IRQHandler                          0x08000587   Thumb Code     0  startup_stm32f40_41xxx.o(.text)
    SPI3_IRQHandler                          0x08000587   Thumb Code     0  startup_stm32f40_41xxx.o(.text)
    TAMP_STAMP_IRQHandler                    0x08000587   Thumb Code     0  startup_stm32f40_41xxx.o(.text)
    TIM1_BRK_TIM9_IRQHandler                 0x08000587   Thumb Code     0  startup_stm32f40_41xxx.o(.text)
    TIM1_CC_IRQHandler                       0x08000587   Thumb Code     0  startup_stm32f40_41xxx.o(.text)
    TIM1_TRG_COM_TIM11_IRQHandler            0x08000587   Thumb Code     0  startup_stm32f40_41xxx.o(.text)
    TIM1_UP_TIM10_IRQHandler                 0x08000587   Thumb Code     0  startup_stm32f40_41xxx.o(.text)
    TIM5_IRQHandler                          0x08000587   Thumb Code     0  startup_stm32f40_41xxx.o(.text)
    TIM6_DAC_IRQHandler                      0x08000587   Thumb Code     0  startup_stm32f40_41xxx.o(.text)
    TIM7_IRQHandler                          0x08000587   Thumb Code     0  startup_stm32f40_41xxx.o(.text)
    TIM8_BRK_TIM12_IRQHandler                0x08000587   Thumb Code     0  startup_stm32f40_41xxx.o(.text)
    TIM8_CC_IRQHandler                       0x08000587   Thumb Code     0  startup_stm32f40_41xxx.o(.text)
    TIM8_TRG_COM_TIM14_IRQHandler            0x08000587   Thumb Code     0  startup_stm32f40_41xxx.o(.text)
    TIM8_UP_TIM13_IRQHandler                 0x08000587   Thumb Code     0  startup_stm32f40_41xxx.o(.text)
    USART2_IRQHandler                        0x08000587   Thumb Code     0  startup_stm32f40_41xxx.o(.text)
    USART3_IRQHandler                        0x08000587   Thumb Code     0  startup_stm32f40_41xxx.o(.text)
    USART6_IRQHandler                        0x08000587   Thumb Code     0  startup_stm32f40_41xxx.o(.text)
    WWDG_IRQHandler                          0x08000587   Thumb Code     0  startup_stm32f40_41xxx.o(.text)
    __user_initial_stackheap                 0x08000589   Thumb Code     0  startup_stm32f40_41xxx.o(.text)
    NVIC_PriorityGroupConfig                 0x080005ad   Thumb Code    10  misc.o(.text)
    NVIC_Init                                0x080005b7   Thumb Code   106  misc.o(.text)
    NVIC_SetVectorTable                      0x08000621   Thumb Code    14  misc.o(.text)
    NVIC_SystemLPConfig                      0x0800062f   Thumb Code    34  misc.o(.text)
    SysTick_CLKSourceConfig                  0x08000651   Thumb Code    40  misc.o(.text)
    GPIO_DeInit                              0x0800068d   Thumb Code   268  stm32f4xx_gpio.o(.text)
    GPIO_Init                                0x08000799   Thumb Code   144  stm32f4xx_gpio.o(.text)
    GPIO_StructInit                          0x08000829   Thumb Code    18  stm32f4xx_gpio.o(.text)
    GPIO_PinLockConfig                       0x0800083b   Thumb Code    34  stm32f4xx_gpio.o(.text)
    GPIO_ReadInputDataBit                    0x0800085d   Thumb Code    18  stm32f4xx_gpio.o(.text)
    GPIO_ReadInputData                       0x0800086f   Thumb Code     8  stm32f4xx_gpio.o(.text)
    GPIO_ReadOutputDataBit                   0x08000877   Thumb Code    18  stm32f4xx_gpio.o(.text)
    GPIO_ReadOutputData                      0x08000889   Thumb Code     8  stm32f4xx_gpio.o(.text)
    GPIO_SetBits                             0x08000891   Thumb Code     4  stm32f4xx_gpio.o(.text)
    GPIO_ResetBits                           0x08000895   Thumb Code     4  stm32f4xx_gpio.o(.text)
    GPIO_WriteBit                            0x08000899   Thumb Code    10  stm32f4xx_gpio.o(.text)
    GPIO_Write                               0x080008a3   Thumb Code     4  stm32f4xx_gpio.o(.text)
    GPIO_ToggleBits                          0x080008a7   Thumb Code     8  stm32f4xx_gpio.o(.text)
    GPIO_PinAFConfig                         0x080008af   Thumb Code    70  stm32f4xx_gpio.o(.text)
    RCC_DeInit                               0x08000921   Thumb Code    82  stm32f4xx_rcc.o(.text)
    RCC_HSEConfig                            0x08000973   Thumb Code    14  stm32f4xx_rcc.o(.text)
    RCC_GetFlagStatus                        0x08000981   Thumb Code    60  stm32f4xx_rcc.o(.text)
    RCC_WaitForHSEStartUp                    0x080009bd   Thumb Code    56  stm32f4xx_rcc.o(.text)
    RCC_AdjustHSICalibrationValue            0x080009f5   Thumb Code    20  stm32f4xx_rcc.o(.text)
    RCC_HSICmd                               0x08000a09   Thumb Code     6  stm32f4xx_rcc.o(.text)
    RCC_LSEConfig                            0x08000a0f   Thumb Code    46  stm32f4xx_rcc.o(.text)
    RCC_LSICmd                               0x08000a3d   Thumb Code     6  stm32f4xx_rcc.o(.text)
    RCC_PLLConfig                            0x08000a43   Thumb Code    32  stm32f4xx_rcc.o(.text)
    RCC_PLLCmd                               0x08000a63   Thumb Code     6  stm32f4xx_rcc.o(.text)
    RCC_PLLI2SConfig                         0x08000a69   Thumb Code    14  stm32f4xx_rcc.o(.text)
    RCC_PLLI2SCmd                            0x08000a77   Thumb Code     6  stm32f4xx_rcc.o(.text)
    RCC_PLLSAIConfig                         0x08000a7d   Thumb Code    20  stm32f4xx_rcc.o(.text)
    RCC_PLLSAICmd                            0x08000a91   Thumb Code     6  stm32f4xx_rcc.o(.text)
    RCC_ClockSecuritySystemCmd               0x08000a97   Thumb Code     6  stm32f4xx_rcc.o(.text)
    RCC_MCO1Config                           0x08000a9d   Thumb Code    28  stm32f4xx_rcc.o(.text)
    RCC_MCO2Config                           0x08000ab9   Thumb Code    28  stm32f4xx_rcc.o(.text)
    RCC_SYSCLKConfig                         0x08000ad5   Thumb Code    20  stm32f4xx_rcc.o(.text)
    RCC_GetSYSCLKSource                      0x08000ae9   Thumb Code    12  stm32f4xx_rcc.o(.text)
    RCC_HCLKConfig                           0x08000af5   Thumb Code    20  stm32f4xx_rcc.o(.text)
    RCC_PCLK1Config                          0x08000b09   Thumb Code    20  stm32f4xx_rcc.o(.text)
    RCC_PCLK2Config                          0x08000b1d   Thumb Code    22  stm32f4xx_rcc.o(.text)
    RCC_GetClocksFreq                        0x08000b33   Thumb Code   222  stm32f4xx_rcc.o(.text)
    RCC_RTCCLKConfig                         0x08000c11   Thumb Code    54  stm32f4xx_rcc.o(.text)
    RCC_RTCCLKCmd                            0x08000c47   Thumb Code     8  stm32f4xx_rcc.o(.text)
    RCC_BackupResetCmd                       0x08000c4f   Thumb Code     8  stm32f4xx_rcc.o(.text)
    RCC_I2SCLKConfig                         0x08000c57   Thumb Code     6  stm32f4xx_rcc.o(.text)
    RCC_SAIPLLI2SClkDivConfig                0x08000c5d   Thumb Code    26  stm32f4xx_rcc.o(.text)
    RCC_SAIPLLSAIClkDivConfig                0x08000c77   Thumb Code    28  stm32f4xx_rcc.o(.text)
    RCC_SAIBlockACLKConfig                   0x08000c93   Thumb Code    20  stm32f4xx_rcc.o(.text)
    RCC_SAIBlockBCLKConfig                   0x08000ca7   Thumb Code    20  stm32f4xx_rcc.o(.text)
    RCC_LTDCCLKDivConfig                     0x08000cbb   Thumb Code    20  stm32f4xx_rcc.o(.text)
    RCC_TIMCLKPresConfig                     0x08000ccf   Thumb Code     6  stm32f4xx_rcc.o(.text)
    RCC_AHB1PeriphClockCmd                   0x08000cd5   Thumb Code    34  stm32f4xx_rcc.o(.text)
    RCC_AHB2PeriphClockCmd                   0x08000cf7   Thumb Code    78  stm32f4xx_rcc.o(.text)
    RCC_AHB3PeriphClockCmd                   0x08000d45   Thumb Code    34  stm32f4xx_rcc.o(.text)
    RCC_APB1PeriphClockCmd                   0x08000d67   Thumb Code    34  stm32f4xx_rcc.o(.text)
    RCC_APB2PeriphClockCmd                   0x08000d89   Thumb Code    34  stm32f4xx_rcc.o(.text)
    RCC_AHB1PeriphResetCmd                   0x08000dab   Thumb Code    34  stm32f4xx_rcc.o(.text)
    RCC_AHB2PeriphResetCmd                   0x08000dcd   Thumb Code    34  stm32f4xx_rcc.o(.text)
    RCC_AHB3PeriphResetCmd                   0x08000def   Thumb Code    34  stm32f4xx_rcc.o(.text)
    RCC_APB1PeriphResetCmd                   0x08000e11   Thumb Code    34  stm32f4xx_rcc.o(.text)
    RCC_APB2PeriphResetCmd                   0x08000e33   Thumb Code    34  stm32f4xx_rcc.o(.text)
    RCC_AHB1PeriphClockLPModeCmd             0x08000e55   Thumb Code    34  stm32f4xx_rcc.o(.text)
    RCC_AHB2PeriphClockLPModeCmd             0x08000e77   Thumb Code    34  stm32f4xx_rcc.o(.text)
    RCC_AHB3PeriphClockLPModeCmd             0x08000e99   Thumb Code    34  stm32f4xx_rcc.o(.text)
    RCC_APB1PeriphClockLPModeCmd             0x08000ebb   Thumb Code    34  stm32f4xx_rcc.o(.text)
    RCC_APB2PeriphClockLPModeCmd             0x08000edd   Thumb Code    34  stm32f4xx_rcc.o(.text)
    RCC_LSEModeConfig                        0x08000eff   Thumb Code    40  stm32f4xx_rcc.o(.text)
    RCC_ITConfig                             0x08000f27   Thumb Code    34  stm32f4xx_rcc.o(.text)
    RCC_ClearFlag                            0x08000f49   Thumb Code    18  stm32f4xx_rcc.o(.text)
    RCC_GetITStatus                          0x08000f5b   Thumb Code    22  stm32f4xx_rcc.o(.text)
    RCC_ClearITPendingBit                    0x08000f71   Thumb Code     8  stm32f4xx_rcc.o(.text)
    SYSCFG_DeInit                            0x08000f7d   Thumb Code    22  stm32f4xx_syscfg.o(.text)
    SYSCFG_MemoryRemapConfig                 0x08000f93   Thumb Code     6  stm32f4xx_syscfg.o(.text)
    SYSCFG_MemorySwappingBank                0x08000f99   Thumb Code     6  stm32f4xx_syscfg.o(.text)
    SYSCFG_EXTILineConfig                    0x08000f9f   Thumb Code    66  stm32f4xx_syscfg.o(.text)
    SYSCFG_ETH_MediaInterfaceConfig          0x08000fe1   Thumb Code     8  stm32f4xx_syscfg.o(.text)
    SYSCFG_CompensationCellCmd               0x08000fe9   Thumb Code     6  stm32f4xx_syscfg.o(.text)
    SYSCFG_GetCompensationCellStatus         0x08000fef   Thumb Code    22  stm32f4xx_syscfg.o(.text)
    TIM_DeInit                               0x08001011   Thumb Code   346  stm32f4xx_tim.o(.text)
    TIM_TimeBaseInit                         0x0800116b   Thumb Code   104  stm32f4xx_tim.o(.text)
    TIM_TimeBaseStructInit                   0x080011d3   Thumb Code    18  stm32f4xx_tim.o(.text)
    TIM_PrescalerConfig                      0x080011e5   Thumb Code     6  stm32f4xx_tim.o(.text)
    TIM_CounterModeConfig                    0x080011eb   Thumb Code    18  stm32f4xx_tim.o(.text)
    TIM_SetCounter                           0x080011fd   Thumb Code     4  stm32f4xx_tim.o(.text)
    TIM_SetAutoreload                        0x08001201   Thumb Code     4  stm32f4xx_tim.o(.text)
    TIM_GetCounter                           0x08001205   Thumb Code     6  stm32f4xx_tim.o(.text)
    TIM_GetPrescaler                         0x0800120b   Thumb Code     6  stm32f4xx_tim.o(.text)
    TIM_UpdateDisableConfig                  0x08001211   Thumb Code    24  stm32f4xx_tim.o(.text)
    TIM_UpdateRequestConfig                  0x08001229   Thumb Code    24  stm32f4xx_tim.o(.text)
    TIM_ARRPreloadConfig                     0x08001241   Thumb Code    24  stm32f4xx_tim.o(.text)
    TIM_SelectOnePulseMode                   0x08001259   Thumb Code    18  stm32f4xx_tim.o(.text)
    TIM_SetClockDivision                     0x0800126b   Thumb Code    18  stm32f4xx_tim.o(.text)
    TIM_Cmd                                  0x0800127d   Thumb Code    24  stm32f4xx_tim.o(.text)
    TIM_OC1Init                              0x08001295   Thumb Code   114  stm32f4xx_tim.o(.text)
    TIM_OC2Init                              0x08001307   Thumb Code   154  stm32f4xx_tim.o(.text)
    TIM_OC3Init                              0x080013a1   Thumb Code   204  stm32f4xx_tim.o(.text)
    TIM_OC4Init                              0x0800146d   Thumb Code   112  stm32f4xx_tim.o(.text)
    TIM_OCStructInit                         0x080014dd   Thumb Code    20  stm32f4xx_tim.o(.text)
    TIM_SelectOCxM                           0x080014f1   Thumb Code    86  stm32f4xx_tim.o(.text)
    TIM_SetCompare1                          0x08001547   Thumb Code     4  stm32f4xx_tim.o(.text)
    TIM_SetCompare2                          0x0800154b   Thumb Code     4  stm32f4xx_tim.o(.text)
    TIM_SetCompare3                          0x0800154f   Thumb Code     4  stm32f4xx_tim.o(.text)
    TIM_SetCompare4                          0x08001553   Thumb Code     4  stm32f4xx_tim.o(.text)
    TIM_ForcedOC1Config                      0x08001557   Thumb Code    18  stm32f4xx_tim.o(.text)
    TIM_ForcedOC2Config                      0x08001569   Thumb Code    26  stm32f4xx_tim.o(.text)
    TIM_ForcedOC3Config                      0x08001583   Thumb Code    18  stm32f4xx_tim.o(.text)
    TIM_ForcedOC4Config                      0x08001595   Thumb Code    26  stm32f4xx_tim.o(.text)
    TIM_OC1PreloadConfig                     0x080015af   Thumb Code    18  stm32f4xx_tim.o(.text)
    TIM_OC2PreloadConfig                     0x080015c1   Thumb Code    26  stm32f4xx_tim.o(.text)
    TIM_OC3PreloadConfig                     0x080015db   Thumb Code    18  stm32f4xx_tim.o(.text)
    TIM_OC4PreloadConfig                     0x080015ed   Thumb Code    26  stm32f4xx_tim.o(.text)
    TIM_OC1FastConfig                        0x08001607   Thumb Code    18  stm32f4xx_tim.o(.text)
    TIM_OC2FastConfig                        0x08001619   Thumb Code    26  stm32f4xx_tim.o(.text)
    TIM_OC3FastConfig                        0x08001633   Thumb Code    18  stm32f4xx_tim.o(.text)
    TIM_OC4FastConfig                        0x08001645   Thumb Code    26  stm32f4xx_tim.o(.text)
    TIM_ClearOC1Ref                          0x0800165f   Thumb Code    18  stm32f4xx_tim.o(.text)
    TIM_ClearOC2Ref                          0x08001671   Thumb Code    24  stm32f4xx_tim.o(.text)
    TIM_ClearOC3Ref                          0x08001689   Thumb Code    18  stm32f4xx_tim.o(.text)
    TIM_ClearOC4Ref                          0x0800169b   Thumb Code    24  stm32f4xx_tim.o(.text)
    TIM_OC1PolarityConfig                    0x080016b3   Thumb Code    18  stm32f4xx_tim.o(.text)
    TIM_OC1NPolarityConfig                   0x080016c5   Thumb Code    18  stm32f4xx_tim.o(.text)
    TIM_OC2PolarityConfig                    0x080016d7   Thumb Code    26  stm32f4xx_tim.o(.text)
    TIM_OC2NPolarityConfig                   0x080016f1   Thumb Code    26  stm32f4xx_tim.o(.text)
    TIM_OC3PolarityConfig                    0x0800170b   Thumb Code    26  stm32f4xx_tim.o(.text)
    TIM_OC3NPolarityConfig                   0x08001725   Thumb Code    26  stm32f4xx_tim.o(.text)
    TIM_OC4PolarityConfig                    0x0800173f   Thumb Code    26  stm32f4xx_tim.o(.text)
    TIM_CCxCmd                               0x08001759   Thumb Code    30  stm32f4xx_tim.o(.text)
    TIM_CCxNCmd                              0x08001777   Thumb Code    30  stm32f4xx_tim.o(.text)
    TIM_SetIC4Prescaler                      0x08001795   Thumb Code    26  stm32f4xx_tim.o(.text)
    TIM_SetIC3Prescaler                      0x080017ff   Thumb Code    18  stm32f4xx_tim.o(.text)
    TIM_SetIC2Prescaler                      0x08001859   Thumb Code    26  stm32f4xx_tim.o(.text)
    TIM_SetIC1Prescaler                      0x080018cd   Thumb Code    18  stm32f4xx_tim.o(.text)
    TIM_ICInit                               0x08001919   Thumb Code   110  stm32f4xx_tim.o(.text)
    TIM_ICStructInit                         0x08001987   Thumb Code    18  stm32f4xx_tim.o(.text)
    TIM_PWMIConfig                           0x08001999   Thumb Code   124  stm32f4xx_tim.o(.text)
    TIM_GetCapture1                          0x08001a15   Thumb Code     6  stm32f4xx_tim.o(.text)
    TIM_GetCapture2                          0x08001a1b   Thumb Code     6  stm32f4xx_tim.o(.text)
    TIM_GetCapture3                          0x08001a21   Thumb Code     6  stm32f4xx_tim.o(.text)
    TIM_GetCapture4                          0x08001a27   Thumb Code     6  stm32f4xx_tim.o(.text)
    TIM_BDTRConfig                           0x08001a2d   Thumb Code    32  stm32f4xx_tim.o(.text)
    TIM_BDTRStructInit                       0x08001a4d   Thumb Code    18  stm32f4xx_tim.o(.text)
    TIM_CtrlPWMOutputs                       0x08001a5f   Thumb Code    30  stm32f4xx_tim.o(.text)
    TIM_SelectCOM                            0x08001a7d   Thumb Code    24  stm32f4xx_tim.o(.text)
    TIM_CCPreloadControl                     0x08001a95   Thumb Code    24  stm32f4xx_tim.o(.text)
    TIM_ITConfig                             0x08001aad   Thumb Code    18  stm32f4xx_tim.o(.text)
    TIM_GenerateEvent                        0x08001abf   Thumb Code     4  stm32f4xx_tim.o(.text)
    TIM_GetFlagStatus                        0x08001ac3   Thumb Code    18  stm32f4xx_tim.o(.text)
    TIM_ClearFlag                            0x08001ad5   Thumb Code     6  stm32f4xx_tim.o(.text)
    TIM_GetITStatus                          0x08001adb   Thumb Code    34  stm32f4xx_tim.o(.text)
    TIM_ClearITPendingBit                    0x08001afd   Thumb Code     6  stm32f4xx_tim.o(.text)
    TIM_DMAConfig                            0x08001b03   Thumb Code    10  stm32f4xx_tim.o(.text)
    TIM_DMACmd                               0x08001b0d   Thumb Code    18  stm32f4xx_tim.o(.text)
    TIM_SelectCCDMA                          0x08001b1f   Thumb Code    24  stm32f4xx_tim.o(.text)
    TIM_InternalClockConfig                  0x08001b37   Thumb Code    12  stm32f4xx_tim.o(.text)
    TIM_SelectInputTrigger                   0x08001b43   Thumb Code    18  stm32f4xx_tim.o(.text)
    TIM_ITRxExternalClockConfig              0x08001b55   Thumb Code    24  stm32f4xx_tim.o(.text)
    TIM_TIxExternalClockConfig               0x08001b6d   Thumb Code    62  stm32f4xx_tim.o(.text)
    TIM_ETRConfig                            0x08001bab   Thumb Code    28  stm32f4xx_tim.o(.text)
    TIM_ETRClockMode1Config                  0x08001bc7   Thumb Code    54  stm32f4xx_tim.o(.text)
    TIM_ETRClockMode2Config                  0x08001bfd   Thumb Code    32  stm32f4xx_tim.o(.text)
    TIM_SelectOutputTrigger                  0x08001c1d   Thumb Code    18  stm32f4xx_tim.o(.text)
    TIM_SelectSlaveMode                      0x08001c2f   Thumb Code    18  stm32f4xx_tim.o(.text)
    TIM_SelectMasterSlaveMode                0x08001c41   Thumb Code    18  stm32f4xx_tim.o(.text)
    TIM_EncoderInterfaceConfig               0x08001c53   Thumb Code    66  stm32f4xx_tim.o(.text)
    TIM_SelectHallSensor                     0x08001c95   Thumb Code    24  stm32f4xx_tim.o(.text)
    TIM_RemapConfig                          0x08001cad   Thumb Code     6  stm32f4xx_tim.o(.text)
    USART_DeInit                             0x08001cb5   Thumb Code   206  stm32f4xx_usart.o(.text)
    USART_Init                               0x08001d83   Thumb Code   204  stm32f4xx_usart.o(.text)
    USART_StructInit                         0x08001e4f   Thumb Code    24  stm32f4xx_usart.o(.text)
    USART_ClockInit                          0x08001e67   Thumb Code    32  stm32f4xx_usart.o(.text)
    USART_ClockStructInit                    0x08001e87   Thumb Code    12  stm32f4xx_usart.o(.text)
    USART_Cmd                                0x08001e93   Thumb Code    24  stm32f4xx_usart.o(.text)
    USART_SetPrescaler                       0x08001eab   Thumb Code    16  stm32f4xx_usart.o(.text)
    USART_OverSampling8Cmd                   0x08001ebb   Thumb Code    22  stm32f4xx_usart.o(.text)
    USART_OneBitMethodCmd                    0x08001ed1   Thumb Code    24  stm32f4xx_usart.o(.text)
    USART_SendData                           0x08001ee9   Thumb Code     8  stm32f4xx_usart.o(.text)
    USART_ReceiveData                        0x08001ef1   Thumb Code    10  stm32f4xx_usart.o(.text)
    USART_SetAddress                         0x08001efb   Thumb Code    18  stm32f4xx_usart.o(.text)
    USART_ReceiverWakeUpCmd                  0x08001f0d   Thumb Code    24  stm32f4xx_usart.o(.text)
    USART_WakeUpConfig                       0x08001f25   Thumb Code    18  stm32f4xx_usart.o(.text)
    USART_LINBreakDetectLengthConfig         0x08001f37   Thumb Code    18  stm32f4xx_usart.o(.text)
    USART_LINCmd                             0x08001f49   Thumb Code    24  stm32f4xx_usart.o(.text)
    USART_SendBreak                          0x08001f61   Thumb Code    10  stm32f4xx_usart.o(.text)
    USART_HalfDuplexCmd                      0x08001f6b   Thumb Code    24  stm32f4xx_usart.o(.text)
    USART_SetGuardTime                       0x08001f83   Thumb Code    16  stm32f4xx_usart.o(.text)
    USART_SmartCardCmd                       0x08001f93   Thumb Code    24  stm32f4xx_usart.o(.text)
    USART_SmartCardNACKCmd                   0x08001fab   Thumb Code    24  stm32f4xx_usart.o(.text)
    USART_IrDAConfig                         0x08001fc3   Thumb Code    18  stm32f4xx_usart.o(.text)
    USART_IrDACmd                            0x08001fd5   Thumb Code    24  stm32f4xx_usart.o(.text)
    USART_DMACmd                             0x08001fed   Thumb Code    18  stm32f4xx_usart.o(.text)
    USART_ITConfig                           0x08001fff   Thumb Code    74  stm32f4xx_usart.o(.text)
    USART_GetFlagStatus                      0x08002049   Thumb Code    26  stm32f4xx_usart.o(.text)
    USART_ClearFlag                          0x08002063   Thumb Code    18  stm32f4xx_usart.o(.text)
    USART_GetITStatus                        0x08002075   Thumb Code   118  stm32f4xx_usart.o(.text)
    USART_ClearITPendingBit                  0x080020eb   Thumb Code    30  stm32f4xx_usart.o(.text)
    CAN_DeInit                               0x08002109   Thumb Code    50  stm32f4xx_can.o(.text)
    CAN_Init                                 0x0800213b   Thumb Code   276  stm32f4xx_can.o(.text)
    CAN_FilterInit                           0x0800224f   Thumb Code   258  stm32f4xx_can.o(.text)
    CAN_StructInit                           0x08002351   Thumb Code    32  stm32f4xx_can.o(.text)
    CAN_SlaveStartBank                       0x08002371   Thumb Code    48  stm32f4xx_can.o(.text)
    CAN_DBGFreeze                            0x080023a1   Thumb Code    22  stm32f4xx_can.o(.text)
    CAN_TTComModeCmd                         0x080023b7   Thumb Code   118  stm32f4xx_can.o(.text)
    CAN_Transmit                             0x0800242d   Thumb Code   304  stm32f4xx_can.o(.text)
    CAN_TransmitStatus                       0x0800255d   Thumb Code   138  stm32f4xx_can.o(.text)
    CAN_CancelTransmit                       0x080025e7   Thumb Code    48  stm32f4xx_can.o(.text)
    CAN_Receive                              0x08002617   Thumb Code   240  stm32f4xx_can.o(.text)
    CAN_FIFORelease                          0x08002707   Thumb Code    22  stm32f4xx_can.o(.text)
    CAN_MessagePending                       0x0800271d   Thumb Code    30  stm32f4xx_can.o(.text)
    CAN_OperatingModeRequest                 0x0800273b   Thumb Code   162  stm32f4xx_can.o(.text)
    CAN_Sleep                                0x080027dd   Thumb Code    30  stm32f4xx_can.o(.text)
    CAN_WakeUp                               0x080027fb   Thumb Code    48  stm32f4xx_can.o(.text)
    CAN_GetLastErrorCode                     0x0800282b   Thumb Code    12  stm32f4xx_can.o(.text)
    CAN_GetReceiveErrorCounter               0x08002837   Thumb Code    10  stm32f4xx_can.o(.text)
    CAN_GetLSBTransmitErrorCounter           0x08002841   Thumb Code    12  stm32f4xx_can.o(.text)
    CAN_ITConfig                             0x0800284d   Thumb Code    18  stm32f4xx_can.o(.text)
    CAN_GetFlagStatus                        0x0800285f   Thumb Code   120  stm32f4xx_can.o(.text)
    CAN_ClearFlag                            0x080028d7   Thumb Code    52  stm32f4xx_can.o(.text)
    CAN_GetITStatus                          0x0800291d   Thumb Code   310  stm32f4xx_can.o(.text)
    CAN_ClearITPendingBit                    0x08002a53   Thumb Code   162  stm32f4xx_can.o(.text)
    EXTI_DeInit                              0x08002af9   Thumb Code    28  stm32f4xx_exti.o(.text)
    EXTI_Init                                0x08002b15   Thumb Code   142  stm32f4xx_exti.o(.text)
    EXTI_StructInit                          0x08002ba3   Thumb Code    16  stm32f4xx_exti.o(.text)
    EXTI_GenerateSWInterrupt                 0x08002bb3   Thumb Code    16  stm32f4xx_exti.o(.text)
    EXTI_GetFlagStatus                       0x08002bc3   Thumb Code    22  stm32f4xx_exti.o(.text)
    EXTI_ClearFlag                           0x08002bd9   Thumb Code     8  stm32f4xx_exti.o(.text)
    EXTI_GetITStatus                         0x08002be1   Thumb Code    22  stm32f4xx_exti.o(.text)
    EXTI_ClearITPendingBit                   0x08002bf7   Thumb Code     8  stm32f4xx_exti.o(.text)
    delay_init                               0x08002c09   Thumb Code    52  delay.o(.text)
    delay_us                                 0x08002c3d   Thumb Code    72  delay.o(.text)
    delay_xms                                0x08002c85   Thumb Code    72  delay.o(.text)
    delay_ms                                 0x08002ccd   Thumb Code    56  delay.o(.text)
    _sys_exit                                0x08002d0d   Thumb Code     4  usart.o(.text)
    fputc                                    0x08002d11   Thumb Code    22  usart.o(.text)
    uart_init                                0x08002d27   Thumb Code   166  usart.o(.text)
    USART1_IRQHandler                        0x08002dcd   Thumb Code   122  usart.o(.text)
    TIM2_IRQHandler                          0x08002e59   Thumb Code   126  timer2.o(.text)
    Timer2_Init                              0x08002ed7   Thumb Code    92  timer2.o(.text)
    encoder_Init_TIM3                        0x08002f65   Thumb Code   214  encoder.o(.text)
    encoder_Init_TIM4                        0x0800303b   Thumb Code   174  encoder.o(.text)
    encoder_Init_TIM8                        0x080030e9   Thumb Code   214  encoder.o(.text)
    Read_Encoder                             0x080031bf   Thumb Code    78  encoder.o(.text)
    Read_Position                            0x0800320d   Thumb Code    54  encoder.o(.text)
    TIM3_IRQHandler                          0x08003243   Thumb Code    20  encoder.o(.text)
    TIM4_IRQHandler                          0x08003257   Thumb Code    20  encoder.o(.text)
    TIM8_IRQHandler                          0x0800326b   Thumb Code    20  encoder.o(.text)
    takeball_init                            0x080032b7   Thumb Code    30  can1.o(.text)
    CAN_RoboModule_DRV_Velocity_Mode         0x080032d5   Thumb Code   196  can1.o(.text)
    TAKEBALL_TASK                            0x08003399   Thumb Code   560  can1.o(.text)
    RELAY_TASK                               0x080035c9   Thumb Code   870  can1.o(.text)
    Take_Motor_Init                          0x0800392f   Thumb Code    64  can1.o(.text)
    CAN1_Configuration                       0x0800396f   Thumb Code   262  can1.o(.text)
    CAN1_TX_IRQHandler                       0x08003a75   Thumb Code    28  can1.o(.text)
    CAN_RoboModule_DRV_Reset                 0x08003a91   Thumb Code   206  can1.o(.text)
    CAN_RoboModule_DRV_Mode_Choice           0x08003b5f   Thumb Code   148  can1.o(.text)
    CAN_RoboModule_DRV_OpenLoop_Mode         0x08003bf3   Thumb Code   172  can1.o(.text)
    CAN_RoboModule_DRV_Current_Mode          0x08003c9f   Thumb Code   196  can1.o(.text)
    CAN_RoboModule_DRV_Position_Mode         0x08003d63   Thumb Code   200  can1.o(.text)
    CAN_RoboModule_DRV_Velocity_Position_Mode 0x08003e2b   Thumb Code   224  can1.o(.text)
    CAN_RoboModule_DRV_Current_Velocity_Mode 0x08003f0b   Thumb Code   194  can1.o(.text)
    CAN_RoboModule_DRV_Current_Position_Mode 0x08003fcd   Thumb Code   180  can1.o(.text)
    CAN_RoboModule_DRV_Current_Velocity_Position_Mode 0x08004081   Thumb Code   204  can1.o(.text)
    CAN_RoboModule_DRV_Config                0x0800414d   Thumb Code   162  can1.o(.text)
    CAN_RoboModule_DRV_Online_Check          0x080041ef   Thumb Code   148  can1.o(.text)
    CAN1_REMOTE_CHECK                        0x08004283   Thumb Code    62  can1.o(.text)
    CAN1_RX0_IRQHandler                      0x080042c1   Thumb Code   562  can1.o(.text)
    Set_Motor_Speed                          0x0800450d   Thumb Code    92  can2.o(.text)
    offsetEncoder                            0x08004569   Thumb Code    14  can2.o(.text)
    getEncoder                               0x08004577   Thumb Code   146  can2.o(.text)
    CAN2_RX0_IRQHandler                      0x08004609   Thumb Code   168  can2.o(.text)
    CAN2_TX_IRQHandler                       0x080046b1   Thumb Code    22  can2.o(.text)
    CAN2_Configuration                       0x080046c7   Thumb Code   266  can2.o(.text)
    Float2Byte                               0x080047ed   Thumb Code    28  scope.o(.text)
    DataScope_Get_Channel_Data               0x08004809   Thumb Code   162  scope.o(.text)
    DataScope_Data_Generate                  0x080048ab   Thumb Code   148  scope.o(.text)
    scope                                    0x0800493f   Thumb Code   104  scope.o(.text)
    uart5_init                               0x080049b9   Thumb Code   208  ras_usart.o(.text)
    UART5_IRQHandler                         0x08004a89   Thumb Code   336  ras_usart.o(.text)
    Led_State_Test                           0x08004bfd   Thumb Code    78  led.o(.text)
    LED_Init                                 0x08004c4b   Thumb Code   336  led.o(.text)
    EXTI9_5_IRQHandler                       0x08004dbd   Thumb Code   154  exti.o(.text)
    PPM_EXTIX_Init                           0x08004e57   Thumb Code    78  exti.o(.text)
    Auto_Take_Count                          0x08004ec5   Thumb Code    32  switch.o(.text)
    Switch_scan                              0x08004ee5   Thumb Code    80  switch.o(.text)
    Switch_Init                              0x08004f35   Thumb Code    82  switch.o(.text)
    CopeSerial2Data                          0x08004fa9   Thumb Code   236  gyro_uart.o(.text)
    UART4_IRQHandler                         0x08005095   Thumb Code    46  gyro_uart.o(.text)
    uart4_init                               0x080050c3   Thumb Code   164  gyro_uart.o(.text)
    PS2_Init                                 0x080051a5   Thumb Code    80  pstwo_line.o(.text)
    PS2_Cmd                                  0x080051f5   Thumb Code   130  pstwo_line.o(.text)
    PS2_RedLight                             0x08005277   Thumb Code    50  pstwo_line.o(.text)
    PS2_ReadData                             0x080052a9   Thumb Code   168  pstwo_line.o(.text)
    PS2_ClearData                            0x08005351   Thumb Code    20  pstwo_line.o(.text)
    PS2_DataKey                              0x08005365   Thumb Code    70  pstwo_line.o(.text)
    PS2_AnologData                           0x080053ab   Thumb Code     8  pstwo_line.o(.text)
    PS2_Vibration                            0x080053b3   Thumb Code    90  pstwo_line.o(.text)
    PS2_ShortPoll                            0x0800540d   Thumb Code    62  pstwo_line.o(.text)
    PS2_EnterConfing                         0x0800544b   Thumb Code    86  pstwo_line.o(.text)
    PS2_TurnOnAnalogMode                     0x080054a1   Thumb Code    80  pstwo_line.o(.text)
    PS2_VibrationMode                        0x080054f1   Thumb Code    62  pstwo_line.o(.text)
    PS2_ExitConfing                          0x0800552f   Thumb Code    86  pstwo_line.o(.text)
    PS2_SetInit                              0x08005585   Thumb Code    32  pstwo_line.o(.text)
    STATE_MACHINE_TASK                       0x080055c1   Thumb Code   484  task.o(.text)
    Nvic_Init                                0x080057a5   Thumb Code    42  task.o(.text)
    BSP_Init                                 0x080057cf   Thumb Code   134  task.o(.text)
    Task_1000HZ                              0x08005855   Thumb Code    44  task.o(.text)
    Task_500HZ                               0x08005881   Thumb Code     8  task.o(.text)
    Task_250HZ                               0x08005889   Thumb Code    32  task.o(.text)
    Task_200HZ                               0x080058a9   Thumb Code    12  task.o(.text)
    Task_50HZ                                0x080058b5   Thumb Code    94  task.o(.text)
    Task_20HZ                                0x08005913   Thumb Code     2  task.o(.text)
    Task_10HZ                                0x08005915   Thumb Code    24  task.o(.text)
    Task_2HZ                                 0x0800592d   Thumb Code     2  task.o(.text)
    ALIGN_TASK                               0x080059c1   Thumb Code    48  chassis.o(.text)
    Label_Tag                                0x080059f1   Thumb Code   462  chassis.o(.text)
    Theta_Hold                               0x08005bbf   Thumb Code   104  chassis.o(.text)
    World_Kinematic_Motor_Control            0x08005c27   Thumb Code   788  chassis.o(.text)
    Chassis_control                          0x08005f3b   Thumb Code   290  chassis.o(.text)
    Kinematic_Motor_Control                  0x0800605d   Thumb Code    84  chassis.o(.text)
    locked_rotor_current_check               0x080060b1   Thumb Code    58  chassis.o(.text)
    abs_limit                                0x0800610d   Thumb Code    46  pid.o(.text)
    PID_Cal                                  0x0800613b   Thumb Code   336  pid.o(.text)
    PID_Init                                 0x0800628b   Thumb Code    46  pid.o(.text)
    slowdown                                 0x080062b9   Thumb Code    60  pid.o(.text)
    PID_Throw                                0x080062f5   Thumb Code   108  pid.o(.text)
    pid_control                              0x08006379   Thumb Code   372  fs_pid.o(.text)
    Velocity_Calculate                       0x080064f1   Thumb Code   460  point_to_point.o(.text)
    track_point                              0x080066bd   Thumb Code   196  point_to_point.o(.text)
    Velocity_Calculate_TZ3                   0x08006781   Thumb Code   538  point_to_point.o(.text)
    Velocity_Calculate_STZ                   0x0800699b   Thumb Code   458  point_to_point.o(.text)
    TRACKING_TASK                            0x08006b65   Thumb Code   382  point_to_point.o(.text)
    PID_Velocity_Calculate                   0x08006ce3   Thumb Code    44  point_to_point.o(.text)
    Calculate_Distance                       0x08006d0f   Thumb Code   142  point_to_point.o(.text)
    tracking_init                            0x08006d9d   Thumb Code    58  point_to_point.o(.text)
    Calculat_Odometry                        0x08006df9   Thumb Code   612  global_localization.o(.text)
    Get_Robot_Possiton                       0x0800705d   Thumb Code   148  global_localization.o(.text)
    pos_update                               0x080070f1   Thumb Code   126  global_localization.o(.text)
    LOCALIZATION_INIT                        0x0800716f   Thumb Code    94  global_localization.o(.text)
    Orthogonal_Calculat_Odometry             0x080071cd   Thumb Code   530  global_localization.o(.text)
    PS2_Remote_Output                        0x080073e9   Thumb Code   306  ps2_task.o(.text)
    PS2_TASK                                 0x0800751b   Thumb Code   850  ps2_task.o(.text)
    Semi_Auto                                0x0800786d   Thumb Code    82  ps2_task.o(.text)
    PS2_Auto_Offset                          0x080078bf   Thumb Code   168  ps2_task.o(.text)
    Point_PS2_Output                         0x08007967   Thumb Code    46  ps2_task.o(.text)
    PS2_KEY_SCAN                             0x08007995   Thumb Code   222  ps2_task.o(.text)
    RM_OFFSET                                0x08007aa9   Thumb Code   118  remote_task.o(.text)
    RM_Output                                0x08007b1f   Thumb Code   318  remote_task.o(.text)
    Auto_Relay                               0x08007c5d   Thumb Code   318  remote_task.o(.text)
    Mode_Judge                               0x08007d9b   Thumb Code    72  remote_task.o(.text)
    RM_TASK                                  0x08007de3   Thumb Code  1060  remote_task.o(.text)
    RM_Auto_Offset                           0x08008207   Thumb Code   106  remote_task.o(.text)
    Point_RM_Output                          0x08008271   Thumb Code    38  remote_task.o(.text)
    __use_no_semihosting                     0x08008321   Thumb Code     2  use_no_semi_2.o(.text)
    __2printf                                0x08008325   Thumb Code    20  noretval__2printf.o(.text)
    _printf_pre_padding                      0x0800833d   Thumb Code    44  _printf_pad.o(.text)
    _printf_post_padding                     0x08008369   Thumb Code    34  _printf_pad.o(.text)
    __printf                                 0x0800838b   Thumb Code   270  __printf_wp.o(.text)
    __use_two_region_memory                  0x08008499   Thumb Code     2  heapauxi.o(.text)
    __rt_heap_escrow$2region                 0x0800849b   Thumb Code     2  heapauxi.o(.text)
    __rt_heap_expand$2region                 0x0800849d   Thumb Code     2  heapauxi.o(.text)
    __I$use$semihosting                      0x0800849f   Thumb Code     0  use_no_semi.o(.text)
    __use_no_semihosting_swi                 0x0800849f   Thumb Code     2  use_no_semi.o(.text)
    __read_errno                             0x080084a1   Thumb Code    10  _rserrno.o(.text)
    __set_errno                              0x080084ab   Thumb Code    12  _rserrno.o(.text)
    __lib_sel_fp_printf                      0x080084b7   Thumb Code     2  _printf_fp_dec.o(.text)
    _printf_fp_dec_real                      0x08008669   Thumb Code   620  _printf_fp_dec.o(.text)
    _printf_char_file                        0x080088d5   Thumb Code    32  _printf_char_file.o(.text)
    __rt_locale                              0x080088f9   Thumb Code     8  rt_locale_intlibspace.o(.text)
    __aeabi_errno_addr                       0x08008901   Thumb Code     8  rt_errno_addr_intlibspace.o(.text)
    __errno$intlibspace                      0x08008901   Thumb Code     0  rt_errno_addr_intlibspace.o(.text)
    __rt_errno_addr$intlibspace              0x08008901   Thumb Code     0  rt_errno_addr_intlibspace.o(.text)
    _ll_udiv10                               0x08008909   Thumb Code   138  lludiv10.o(.text)
    _printf_char_common                      0x0800899f   Thumb Code    32  _printf_char_common.o(.text)
    _printf_fp_infnan                        0x080089c5   Thumb Code   112  _printf_fp_infnan.o(.text)
    _btod_etento                             0x08008a45   Thumb Code   224  bigflt0.o(.text)
    ferror                                   0x08008b29   Thumb Code     8  ferror.o(.text)
    __user_libspace                          0x08008b31   Thumb Code     8  libspace.o(.text)
    __user_perproc_libspace                  0x08008b31   Thumb Code     0  libspace.o(.text)
    __user_perthread_libspace                0x08008b31   Thumb Code     0  libspace.o(.text)
    __user_setup_stackheap                   0x08008b39   Thumb Code    74  sys_stackheap_outer.o(.text)
    exit                                     0x08008b83   Thumb Code    18  exit.o(.text)
    strcmp                                   0x08008b95   Thumb Code   128  strcmpv7m.o(.text)
    _btod_d2e                                0x08008c15   Thumb Code    62  btod.o(CL$$btod_d2e)
    _d2e_denorm_low                          0x08008c53   Thumb Code    70  btod.o(CL$$btod_d2e_denorm_low)
    _d2e_norm_op1                            0x08008c99   Thumb Code    96  btod.o(CL$$btod_d2e_norm_op1)
    __btod_div_common                        0x08008cf9   Thumb Code   696  btod.o(CL$$btod_div_common)
    _e2e                                     0x08009031   Thumb Code   220  btod.o(CL$$btod_e2e)
    _btod_ediv                               0x0800910d   Thumb Code    42  btod.o(CL$$btod_ediv)
    _btod_emul                               0x08009137   Thumb Code    42  btod.o(CL$$btod_emul)
    __btod_mult_common                       0x08009161   Thumb Code   580  btod.o(CL$$btod_mult_common)
    __ARM_fpclassify                         0x080093a5   Thumb Code    48  fpclassify.o(i.__ARM_fpclassify)
    __hardfp_cos                             0x080093d9   Thumb Code   180  cos.o(i.__hardfp_cos)
    __hardfp_sin                             0x080094a1   Thumb Code   180  sin.o(i.__hardfp_sin)
    __hardfp_sqrt                            0x08009569   Thumb Code   122  sqrt.o(i.__hardfp_sqrt)
    __ieee754_rem_pio2                       0x080095e9   Thumb Code   938  rred.o(i.__ieee754_rem_pio2)
    __kernel_cos                             0x08009a21   Thumb Code   322  cos_i.o(i.__kernel_cos)
    __kernel_poly                            0x08009b91   Thumb Code   248  poly.o(i.__kernel_poly)
    __kernel_sin                             0x08009c89   Thumb Code   280  sin_i.o(i.__kernel_sin)
    __mathlib_dbl_infnan                     0x08009db9   Thumb Code    20  dunder.o(i.__mathlib_dbl_infnan)
    __mathlib_dbl_invalid                    0x08009dd1   Thumb Code    24  dunder.o(i.__mathlib_dbl_invalid)
    __mathlib_dbl_underflow                  0x08009df1   Thumb Code    24  dunder.o(i.__mathlib_dbl_underflow)
    _is_digit                                0x08009e11   Thumb Code    14  __printf_wp.o(i._is_digit)
    fabs                                     0x08009e1f   Thumb Code    24  fabs.o(i.fabs)
    _get_lc_numeric                          0x08009e39   Thumb Code    44  lc_numeric_c.o(locale$$code)
    __aeabi_dneg                             0x08009e65   Thumb Code     0  basic.o(x$fpl$basic)
    _dneg                                    0x08009e65   Thumb Code     6  basic.o(x$fpl$basic)
    __aeabi_fneg                             0x08009e6b   Thumb Code     0  basic.o(x$fpl$basic)
    _fneg                                    0x08009e6b   Thumb Code     6  basic.o(x$fpl$basic)
    _dabs                                    0x08009e71   Thumb Code     6  basic.o(x$fpl$basic)
    _fabs                                    0x08009e77   Thumb Code     6  basic.o(x$fpl$basic)
    __aeabi_d2f                              0x08009e7d   Thumb Code     0  d2f.o(x$fpl$d2f)
    _d2f                                     0x08009e7d   Thumb Code    98  d2f.o(x$fpl$d2f)
    __aeabi_dadd                             0x08009ee1   Thumb Code     0  daddsub_clz.o(x$fpl$dadd)
    _dadd                                    0x08009ee1   Thumb Code   332  daddsub_clz.o(x$fpl$dadd)
    __aeabi_ddiv                             0x0800a031   Thumb Code     0  ddiv.o(x$fpl$ddiv)
    _ddiv                                    0x0800a031   Thumb Code   552  ddiv.o(x$fpl$ddiv)
    __aeabi_d2iz                             0x0800a2e1   Thumb Code     0  dfix.o(x$fpl$dfix)
    _dfix                                    0x0800a2e1   Thumb Code    94  dfix.o(x$fpl$dfix)
    __aeabi_i2d                              0x0800a33f   Thumb Code     0  dflt_clz.o(x$fpl$dflt)
    _dflt                                    0x0800a33f   Thumb Code    46  dflt_clz.o(x$fpl$dflt)
    __aeabi_ui2d                             0x0800a36d   Thumb Code     0  dflt_clz.o(x$fpl$dfltu)
    _dfltu                                   0x0800a36d   Thumb Code    38  dflt_clz.o(x$fpl$dfltu)
    __aeabi_dmul                             0x0800a395   Thumb Code     0  dmul.o(x$fpl$dmul)
    _dmul                                    0x0800a395   Thumb Code   332  dmul.o(x$fpl$dmul)
    __fpl_dnaninf                            0x0800a4e9   Thumb Code   156  dnaninf.o(x$fpl$dnaninf)
    __fpl_dretinf                            0x0800a585   Thumb Code    12  dretinf.o(x$fpl$dretinf)
    __aeabi_drsub                            0x0800a591   Thumb Code     0  daddsub_clz.o(x$fpl$drsb)
    _drsb                                    0x0800a591   Thumb Code    22  daddsub_clz.o(x$fpl$drsb)
    _dsqrt                                   0x0800a5a9   Thumb Code   404  dsqrt_umaal.o(x$fpl$dsqrt)
    __aeabi_dsub                             0x0800a741   Thumb Code     0  daddsub_clz.o(x$fpl$dsub)
    _dsub                                    0x0800a741   Thumb Code   464  daddsub_clz.o(x$fpl$dsub)
    __aeabi_f2d                              0x0800a915   Thumb Code     0  f2d.o(x$fpl$f2d)
    _f2d                                     0x0800a915   Thumb Code    86  f2d.o(x$fpl$f2d)
    __fpl_fnaninf                            0x0800a96b   Thumb Code   140  fnaninf.o(x$fpl$fnaninf)
    _fp_init                                 0x0800a9f7   Thumb Code    10  fpinit.o(x$fpl$fpinit)
    __fplib_config_fpu_vfp                   0x0800a9ff   Thumb Code     0  fpinit.o(x$fpl$fpinit)
    __fplib_config_pureend_doubles           0x0800a9ff   Thumb Code     0  fpinit.o(x$fpl$fpinit)
    __fpl_fretinf                            0x0800aa01   Thumb Code    10  fretinf.o(x$fpl$fretinf)
    _printf_fp_dec                           0x0800aa0b   Thumb Code     4  printf1.o(x$fpl$printf1)
    __I$use$fp                               0x0800aa0e   Number         0  usenofp.o(x$fpl$usenofp)
    Region$$Table$$Base                      0x0800abc4   Number         0  anon$$obj.o(Region$$Table)
    Region$$Table$$Limit                     0x0800abe4   Number         0  anon$$obj.o(Region$$Table)
    SystemCoreClock                          0x20000000   Data           4  system_stm32f4xx.o(.data)
    AHBPrescTable                            0x20000004   Data          16  system_stm32f4xx.o(.data)
    __stdout                                 0x20000028   Data           4  usart.o(.data)
    USART_RX_STA                             0x2000002c   Data           2  usart.o(.data)
    Timer2_Count                             0x20000030   Data           4  timer2.o(.data)
    Count_1ms                                0x20000034   Data           1  timer2.o(.data)
    Count_2ms                                0x20000035   Data           1  timer2.o(.data)
    Count_4ms                                0x20000036   Data           1  timer2.o(.data)
    Count_5ms                                0x20000037   Data           1  timer2.o(.data)
    Count_20ms                               0x20000038   Data           1  timer2.o(.data)
    Count_50ms                               0x20000039   Data           1  timer2.o(.data)
    Count_100ms                              0x2000003a   Data           1  timer2.o(.data)
    Count_500ms                              0x2000003c   Data           4  timer2.o(.data)
    Timer2_Frequency                         0x20000040   Data           2  timer2.o(.data)
    speed                                    0x20000044   Data           4  can1.o(.data)
    Speed_Relay                              0x20000048   Data           4  can1.o(.data)
    take_shreshold                           0x2000004c   Data           2  can1.o(.data)
    takeball_position                        0x20000050   Data           4  can1.o(.data)
    target_position                          0x20000054   Data           4  can1.o(.data)
    relay_position                           0x20000058   Data           4  can1.o(.data)
    relay_target_position                    0x2000005c   Data           4  can1.o(.data)
    Init_flag                                0x20000060   Data           1  can1.o(.data)
    offset_position                          0x20000064   Data           4  can1.o(.data)
    CAN_Time_Out                             0x20000068   Data           4  can1.o(.data)
    can_tx_success_flag                      0x2000006c   Data           1  can1.o(.data)
    Real_Current_Value                       0x2000006e   Data           8  can1.o(.data)
    Real_Velocity_Value                      0x20000076   Data           8  can1.o(.data)
    Real_Online                              0x2000007e   Data           4  can1.o(.data)
    Real_Ctl1_Value                          0x20000082   Data           4  can1.o(.data)
    Real_Ctl2_Value                          0x20000086   Data           4  can1.o(.data)
    Check_cnt                                0x2000008a   Data           2  can1.o(.data)
    can_count                                0x2000008c   Data           4  can2.o(.data)
    change                                   0x20000090   Data           4  can2.o(.data)
    i                                        0x20000094   Data           1  scope.o(.data)
    Send_Count                               0x20000095   Data           1  scope.o(.data)
    tag                                      0x20000098   Data           2  ras_usart.o(.data)
    UART5_cnt                                0x2000009a   Data           2  ras_usart.o(.data)
    openmv_yaw_data                          0x2000009c   Data           8  ras_usart.o(.data)
    openmv_x_data                            0x200000a4   Data           8  ras_usart.o(.data)
    openmv_z_data                            0x200000ac   Data           8  ras_usart.o(.data)
    openmv_x                                 0x200000b4   Data           4  ras_usart.o(.data)
    openmv_yaw                               0x200000b8   Data           4  ras_usart.o(.data)
    openmv_z                                 0x200000bc   Data           4  ras_usart.o(.data)
    count_cam                                0x200000c0   Data           4  ras_usart.o(.data)
    TIME_ISR_CNT                             0x200000c8   Data           4  exti.o(.data)
    PPM_Sample_Cnt                           0x200000cc   Data           2  exti.o(.data)
    PPM_Isr_Cnt                              0x200000ce   Data           2  exti.o(.data)
    Last_PPM_Time                            0x200000d0   Data           4  exti.o(.data)
    PPM_Time                                 0x200000d4   Data           4  exti.o(.data)
    PPM_Time_Delta                           0x200000d8   Data           2  exti.o(.data)
    PPM_Time_Max                             0x200000da   Data           2  exti.o(.data)
    PPM_Start_Time                           0x200000dc   Data           2  exti.o(.data)
    PPM_Finished_Time                        0x200000de   Data           2  exti.o(.data)
    PPM_Is_Okay                              0x200000e0   Data           2  exti.o(.data)
    SW_L                                     0x200000e2   Data           1  switch.o(.data)
    SW_R                                     0x200000e3   Data           1  switch.o(.data)
    SW_S                                     0x200000e4   Data           1  switch.o(.data)
    Take_Count                               0x200000e5   Data           1  switch.o(.data)
    Flag_Count                               0x200000e6   Data           1  switch.o(.data)
    stcTime                                  0x200000e8   Data           8  gyro_uart.o(.data)
    stcAcc                                   0x200000f0   Data           8  gyro_uart.o(.data)
    stcGyro                                  0x200000f8   Data           8  gyro_uart.o(.data)
    stcAngle                                 0x20000100   Data           8  gyro_uart.o(.data)
    stcMag                                   0x20000108   Data           8  gyro_uart.o(.data)
    stcDStatus                               0x20000110   Data           8  gyro_uart.o(.data)
    stcPress                                 0x20000118   Data           8  gyro_uart.o(.data)
    stcLonLat                                0x20000120   Data           8  gyro_uart.o(.data)
    stcGPSV                                  0x20000128   Data           8  gyro_uart.o(.data)
    stcQ                                     0x20000130   Data           8  gyro_uart.o(.data)
    pitch                                    0x20000138   Data           4  gyro_uart.o(.data)
    roll                                     0x2000013c   Data           4  gyro_uart.o(.data)
    yaw                                      0x20000140   Data           4  gyro_uart.o(.data)
    Handkey                                  0x20000146   Data           2  pstwo_line.o(.data)
    Comd                                     0x20000148   Data           2  pstwo_line.o(.data)
    MASK                                     0x2000014a   Data          32  pstwo_line.o(.data)
    Bsp_Int_Ok                               0x2000016c   Data           1  task.o(.data)
    Relay_Count                              0x2000016d   Data           1  task.o(.data)
    NOW_STATE                                0x2000016e   Data           1  task.o(.data)
    LAST_STATE                               0x2000016f   Data           1  task.o(.data)
    TRACKING_STATE                           0x20000170   Data           1  task.o(.data)
    TAKEBALL_STATE                           0x20000171   Data           1  task.o(.data)
    ALIGN_STATE                              0x20000172   Data           1  task.o(.data)
    RELAY_STATE                              0x20000173   Data           1  task.o(.data)
    NOW_TRAJECTORY                           0x20000174   Data           4  task.o(.data)
    Vx                                       0x20000178   Data           4  chassis.o(.data)
    Vy                                       0x2000017c   Data           4  chassis.o(.data)
    Vz                                       0x20000180   Data           4  chassis.o(.data)
    theta                                    0x20000184   Data           4  chassis.o(.data)
    offset_angle                             0x20000188   Data           4  chassis.o(.data)
    Tag_Threshold                            0x2000018c   Data           4  chassis.o(.data)
    mode                                     0x20000190   Data           1  chassis.o(.data)
    motor_pid                                0x20000194   Data          80  chassis.o(.data)
    tag_pid                                  0x200001e4   Data          80  chassis.o(.data)
    STARTZONE_TO_TAKE_BALL                   0x20000234   Data          12  point_to_point.o(.data)
    TAKEBALL_TO_Tag1                         0x20000240   Data          12  point_to_point.o(.data)
    Tag1_TO_TAKEBALL                         0x2000024c   Data          12  point_to_point.o(.data)
    TAKEBALL_TO_Tag2                         0x20000258   Data          12  point_to_point.o(.data)
    Tag2_TO_TAKEBALL                         0x20000264   Data          12  point_to_point.o(.data)
    K1                                       0x20000270   Data           4  point_to_point.o(.data)
    K2                                       0x20000274   Data           4  point_to_point.o(.data)
    START_TAKE                               0x20000278   Data           4  point_to_point.o(.data)
    TAKE_TAG1                                0x2000027c   Data           4  point_to_point.o(.data)
    TAG1_TAKE                                0x20000280   Data           4  point_to_point.o(.data)
    TAKE_TAG2                                0x20000284   Data           4  point_to_point.o(.data)
    TAG2_TAKE                                0x20000288   Data           4  point_to_point.o(.data)
    Robot_POSITION                           0x2000028c   Data           8  point_to_point.o(.data)
    TRAPEZOID_STZ_TAKE                       0x20000294   Data          12  point_to_point.o(.data)
    TRAPEZOID_TAKE_TAG1                      0x200002a0   Data          12  point_to_point.o(.data)
    TRAPEZOID_TAG1_TAKE                      0x200002ac   Data          12  point_to_point.o(.data)
    TRAPEZOID_TAKE_TAG2                      0x200002b8   Data          12  point_to_point.o(.data)
    TRAPEZOID_TAG2_TAKE                      0x200002c4   Data          12  point_to_point.o(.data)
    Mode_Count                               0x200002d0   Data           1  ps2_task.o(.data)
    Mode_Change                              0x200002d1   Data           1  ps2_task.o(.data)
    PS2_Key                                  0x200002d2   Data           1  ps2_task.o(.data)
    K                                        0x200002d3   Data           1  ps2_task.o(.data)
    Semi_Count                               0x200002d4   Data           1  ps2_task.o(.data)
    stop_shreold                             0x200002d5   Data           1  ps2_task.o(.data)
    Hand_speed                               0x200002d6   Data           2  ps2_task.o(.data)
    REMOTE                                   0x200002d8   Data           1  ps2_task.o(.data)
    Distance_Count                           0x200002d9   Data           1  ps2_task.o(.data)
    Back_Count                               0x200002da   Data           1  ps2_task.o(.data)
    TZ1_Count                                0x200002db   Data           1  remote_task.o(.data)
    TZ3_COUNT                                0x200002dc   Data           1  remote_task.o(.data)
    OFFSET_STOP                              0x200002dd   Data           1  remote_task.o(.data)
    USART_RX_BUF                             0x200002e0   Data         200  usart.o(.bss)
    TAKEBALL_PID                             0x200003a8   Data          72  can1.o(.bss)
    RELAY_PID                                0x200003f0   Data          72  can1.o(.bss)
    BACK_PID                                 0x20000438   Data          72  can1.o(.bss)
    Real_Position_Value                      0x20000480   Data          16  can1.o(.bss)
    CM1Encoder                               0x20000490   Data          28  can2.o(.bss)
    CM2Encoder                               0x200004ac   Data          28  can2.o(.bss)
    CM3Encoder                               0x200004c8   Data          28  can2.o(.bss)
    DataScope_OutPut_Buffer                  0x200004e4   Data          42  scope.o(.bss)
    RM                                       0x2000050e   Data          32  ras_usart.o(.bss)
    PPM_Databuf                              0x2000054e   Data          16  exti.o(.bss)
    Data                                     0x20000658   Data           9  pstwo_line.o(.bss)
    Motor_Control                            0x20000664   Data          12  chassis.o(.bss)
    Speed                                    0x20000670   Data          12  chassis.o(.bss)
    Theta                                    0x2000067c   Data          72  chassis.o(.bss)
    PID_POS                                  0x200006c4   Data          72  pid.o(.bss)
    goal_errors                              0x2000070c   Data          32  point_to_point.o(.bss)
    PTP                                      0x2000072c   Data          72  point_to_point.o(.bss)
    COORDINATE_OFFSET                        0x20000774   Data          12  global_localization.o(.bss)
    Attitude                                 0x20000780   Data          16  global_localization.o(.bss)
    Orthogonal_encoder                       0x20000790   Data          40  global_localization.o(.bss)
    ROBOT_ENCO_POS                           0x200007b8   Data          12  global_localization.o(.bss)
    ROBOT_POSITION                           0x200007c4   Data          36  global_localization.o(.bss)
    LIDAR_POSITION                           0x200007e8   Data          36  global_localization.o(.bss)
    __libspace_start                         0x2000080c   Data          96  libspace.o(.bss)
    __temporary_stack_top$libspace           0x2000086c   Data           0  libspace.o(.bss)



==============================================================================

Memory Map of the image

  Image Entry point : 0x08000189

  Load Region LR_IROM1 (Base: 0x08000000, Size: 0x0000aee0, Max: 0x00080000, ABSOLUTE, COMPRESSED[0x0000acb0])

    Execution Region ER_IROM1 (Exec base: 0x08000000, Load base: 0x08000000, Size: 0x0000ac00, Max: 0x00080000, ABSOLUTE)

    Exec Addr    Load Addr    Size         Type   Attr      Idx    E Section Name        Object

    0x08000000   0x08000000   0x00000188   Data   RO          329    RESET               startup_stm32f40_41xxx.o
    0x08000188   0x08000188   0x00000008   Code   RO         1311  * !!!main             c_w.l(__main.o)
    0x08000190   0x08000190   0x00000034   Code   RO         1648    !!!scatter          c_w.l(__scatter.o)
    0x080001c4   0x080001c4   0x0000005a   Code   RO         1646    !!dczerorl2         c_w.l(__dczerorl2.o)
    0x0800021e   0x0800021e   0x00000002   PAD
    0x08000220   0x08000220   0x0000001c   Code   RO         1650    !!handler_zi        c_w.l(__scatter_zi.o)
    0x0800023c   0x0800023c   0x00000000   Code   RO         1308    .ARM.Collect$$_printf_percent$$00000000  c_w.l(_printf_percent.o)
    0x0800023c   0x0800023c   0x00000006   Code   RO         1307    .ARM.Collect$$_printf_percent$$00000003  c_w.l(_printf_f.o)
    0x08000242   0x08000242   0x00000004   Code   RO         1378    .ARM.Collect$$_printf_percent$$00000017  c_w.l(_printf_percent_end.o)
    0x08000246   0x08000246   0x00000002   Code   RO         1523    .ARM.Collect$$libinit$$00000000  c_w.l(libinit.o)
    0x08000248   0x08000248   0x00000004   Code   RO         1524    .ARM.Collect$$libinit$$00000001  c_w.l(libinit2.o)
    0x0800024c   0x0800024c   0x00000000   Code   RO         1527    .ARM.Collect$$libinit$$00000004  c_w.l(libinit2.o)
    0x0800024c   0x0800024c   0x00000000   Code   RO         1530    .ARM.Collect$$libinit$$0000000A  c_w.l(libinit2.o)
    0x0800024c   0x0800024c   0x00000000   Code   RO         1532    .ARM.Collect$$libinit$$0000000C  c_w.l(libinit2.o)
    0x0800024c   0x0800024c   0x00000000   Code   RO         1534    .ARM.Collect$$libinit$$0000000E  c_w.l(libinit2.o)
    0x0800024c   0x0800024c   0x00000006   Code   RO         1535    .ARM.Collect$$libinit$$0000000F  c_w.l(libinit2.o)
    0x08000252   0x08000252   0x00000000   Code   RO         1537    .ARM.Collect$$libinit$$00000011  c_w.l(libinit2.o)
    0x08000252   0x08000252   0x00000000   Code   RO         1539    .ARM.Collect$$libinit$$00000013  c_w.l(libinit2.o)
    0x08000252   0x08000252   0x00000000   Code   RO         1541    .ARM.Collect$$libinit$$00000015  c_w.l(libinit2.o)
    0x08000252   0x08000252   0x0000000a   Code   RO         1542    .ARM.Collect$$libinit$$00000016  c_w.l(libinit2.o)
    0x0800025c   0x0800025c   0x00000000   Code   RO         1543    .ARM.Collect$$libinit$$00000017  c_w.l(libinit2.o)
    0x0800025c   0x0800025c   0x00000000   Code   RO         1545    .ARM.Collect$$libinit$$00000019  c_w.l(libinit2.o)
    0x0800025c   0x0800025c   0x00000000   Code   RO         1547    .ARM.Collect$$libinit$$0000001B  c_w.l(libinit2.o)
    0x0800025c   0x0800025c   0x00000000   Code   RO         1549    .ARM.Collect$$libinit$$0000001D  c_w.l(libinit2.o)
    0x0800025c   0x0800025c   0x00000000   Code   RO         1551    .ARM.Collect$$libinit$$0000001F  c_w.l(libinit2.o)
    0x0800025c   0x0800025c   0x00000000   Code   RO         1553    .ARM.Collect$$libinit$$00000021  c_w.l(libinit2.o)
    0x0800025c   0x0800025c   0x00000000   Code   RO         1555    .ARM.Collect$$libinit$$00000023  c_w.l(libinit2.o)
    0x0800025c   0x0800025c   0x00000000   Code   RO         1557    .ARM.Collect$$libinit$$00000025  c_w.l(libinit2.o)
    0x0800025c   0x0800025c   0x00000000   Code   RO         1561    .ARM.Collect$$libinit$$0000002C  c_w.l(libinit2.o)
    0x0800025c   0x0800025c   0x00000000   Code   RO         1563    .ARM.Collect$$libinit$$0000002E  c_w.l(libinit2.o)
    0x0800025c   0x0800025c   0x00000000   Code   RO         1565    .ARM.Collect$$libinit$$00000030  c_w.l(libinit2.o)
    0x0800025c   0x0800025c   0x00000000   Code   RO         1567    .ARM.Collect$$libinit$$00000032  c_w.l(libinit2.o)
    0x0800025c   0x0800025c   0x00000002   Code   RO         1568    .ARM.Collect$$libinit$$00000033  c_w.l(libinit2.o)
    0x0800025e   0x0800025e   0x00000002   Code   RO         1596    .ARM.Collect$$libshutdown$$00000000  c_w.l(libshutdown.o)
    0x08000260   0x08000260   0x00000000   Code   RO         1605    .ARM.Collect$$libshutdown$$00000002  c_w.l(libshutdown2.o)
    0x08000260   0x08000260   0x00000000   Code   RO         1607    .ARM.Collect$$libshutdown$$00000004  c_w.l(libshutdown2.o)
    0x08000260   0x08000260   0x00000000   Code   RO         1610    .ARM.Collect$$libshutdown$$00000007  c_w.l(libshutdown2.o)
    0x08000260   0x08000260   0x00000000   Code   RO         1613    .ARM.Collect$$libshutdown$$0000000A  c_w.l(libshutdown2.o)
    0x08000260   0x08000260   0x00000000   Code   RO         1615    .ARM.Collect$$libshutdown$$0000000C  c_w.l(libshutdown2.o)
    0x08000260   0x08000260   0x00000000   Code   RO         1618    .ARM.Collect$$libshutdown$$0000000F  c_w.l(libshutdown2.o)
    0x08000260   0x08000260   0x00000002   Code   RO         1619    .ARM.Collect$$libshutdown$$00000010  c_w.l(libshutdown2.o)
    0x08000262   0x08000262   0x00000000   Code   RO         1371    .ARM.Collect$$rtentry$$00000000  c_w.l(__rtentry.o)
    0x08000262   0x08000262   0x00000000   Code   RO         1421    .ARM.Collect$$rtentry$$00000002  c_w.l(__rtentry2.o)
    0x08000262   0x08000262   0x00000006   Code   RO         1433    .ARM.Collect$$rtentry$$00000004  c_w.l(__rtentry4.o)
    0x08000268   0x08000268   0x00000000   Code   RO         1423    .ARM.Collect$$rtentry$$00000009  c_w.l(__rtentry2.o)
    0x08000268   0x08000268   0x00000004   Code   RO         1424    .ARM.Collect$$rtentry$$0000000A  c_w.l(__rtentry2.o)
    0x0800026c   0x0800026c   0x00000000   Code   RO         1426    .ARM.Collect$$rtentry$$0000000C  c_w.l(__rtentry2.o)
    0x0800026c   0x0800026c   0x00000008   Code   RO         1427    .ARM.Collect$$rtentry$$0000000D  c_w.l(__rtentry2.o)
    0x08000274   0x08000274   0x00000002   Code   RO         1569    .ARM.Collect$$rtexit$$00000000  c_w.l(rtexit.o)
    0x08000276   0x08000276   0x00000000   Code   RO         1576    .ARM.Collect$$rtexit$$00000002  c_w.l(rtexit2.o)
    0x08000276   0x08000276   0x00000004   Code   RO         1577    .ARM.Collect$$rtexit$$00000003  c_w.l(rtexit2.o)
    0x0800027a   0x0800027a   0x00000006   Code   RO         1578    .ARM.Collect$$rtexit$$00000004  c_w.l(rtexit2.o)
    0x08000280   0x08000280   0x000000c0   Code   RO            3    .text               main.o
    0x08000340   0x08000340   0x0000001a   Code   RO          254    .text               stm32f4xx_it.o
    0x0800035a   0x0800035a   0x00000002   PAD
    0x0800035c   0x0800035c   0x00000210   Code   RO          303    .text               system_stm32f4xx.o
    0x0800056c   0x0800056c   0x00000040   Code   RO          330    .text               startup_stm32f40_41xxx.o
    0x080005ac   0x080005ac   0x000000e0   Code   RO          336    .text               misc.o
    0x0800068c   0x0800068c   0x00000294   Code   RO          376    .text               stm32f4xx_gpio.o
    0x08000920   0x08000920   0x0000065c   Code   RO          396    .text               stm32f4xx_rcc.o
    0x08000f7c   0x08000f7c   0x00000094   Code   RO          438    .text               stm32f4xx_syscfg.o
    0x08001010   0x08001010   0x00000ca2   Code   RO          458    .text               stm32f4xx_tim.o
    0x08001cb2   0x08001cb2   0x00000002   PAD
    0x08001cb4   0x08001cb4   0x00000454   Code   RO          478    .text               stm32f4xx_usart.o
    0x08002108   0x08002108   0x000009f0   Code   RO          538    .text               stm32f4xx_can.o
    0x08002af8   0x08002af8   0x00000110   Code   RO          558    .text               stm32f4xx_exti.o
    0x08002c08   0x08002c08   0x00000104   Code   RO          578    .text               delay.o
    0x08002d0c   0x08002d0c   0x0000014c   Code   RO          624    .text               usart.o
    0x08002e58   0x08002e58   0x0000010c   Code   RO          655    .text               timer2.o
    0x08002f64   0x08002f64   0x00000338   Code   RO          705    .text               encoder.o
    0x0800329c   0x0800329c   0x00001270   Code   RO          745    .text               can1.o
    0x0800450c   0x0800450c   0x000002e0   Code   RO          772    .text               can2.o
    0x080047ec   0x080047ec   0x000001cc   Code   RO          819    .text               scope.o
    0x080049b8   0x080049b8   0x00000244   Code   RO          843    .text               ras_usart.o
    0x08004bfc   0x08004bfc   0x000001c0   Code   RO          870    .text               led.o
    0x08004dbc   0x08004dbc   0x00000108   Code   RO          890    .text               exti.o
    0x08004ec4   0x08004ec4   0x000000e4   Code   RO          917    .text               switch.o
    0x08004fa8   0x08004fa8   0x000001fc   Code   RO          943    .text               gyro_uart.o
    0x080051a4   0x080051a4   0x0000041c   Code   RO          970    .text               pstwo_line.o
    0x080055c0   0x080055c0   0x00000400   Code   RO          997    .text               task.o
    0x080059c0   0x080059c0   0x0000074c   Code   RO         1030    .text               chassis.o
    0x0800610c   0x0800610c   0x0000026c   Code   RO         1057    .text               pid.o
    0x08006378   0x08006378   0x00000178   Code   RO         1081    .text               fs_pid.o
    0x080064f0   0x080064f0   0x00000908   Code   RO         1105    .text               point_to_point.o
    0x08006df8   0x08006df8   0x000005f0   Code   RO         1169    .text               global_localization.o
    0x080073e8   0x080073e8   0x000006c0   Code   RO         1219    .text               ps2_task.o
    0x08007aa8   0x08007aa8   0x00000878   Code   RO         1250    .text               remote_task.o
    0x08008320   0x08008320   0x00000002   Code   RO         1277    .text               c_w.l(use_no_semi_2.o)
    0x08008322   0x08008322   0x00000002   PAD
    0x08008324   0x08008324   0x00000018   Code   RO         1281    .text               c_w.l(noretval__2printf.o)
    0x0800833c   0x0800833c   0x0000004e   Code   RO         1285    .text               c_w.l(_printf_pad.o)
    0x0800838a   0x0800838a   0x0000010e   Code   RO         1295    .text               c_w.l(__printf_wp.o)
    0x08008498   0x08008498   0x00000006   Code   RO         1309    .text               c_w.l(heapauxi.o)
    0x0800849e   0x0800849e   0x00000002   Code   RO         1369    .text               c_w.l(use_no_semi.o)
    0x080084a0   0x080084a0   0x00000016   Code   RO         1372    .text               c_w.l(_rserrno.o)
    0x080084b6   0x080084b6   0x0000041e   Code   RO         1374    .text               c_w.l(_printf_fp_dec.o)
    0x080088d4   0x080088d4   0x00000024   Code   RO         1376    .text               c_w.l(_printf_char_file.o)
    0x080088f8   0x080088f8   0x00000008   Code   RO         1438    .text               c_w.l(rt_locale_intlibspace.o)
    0x08008900   0x08008900   0x00000008   Code   RO         1443    .text               c_w.l(rt_errno_addr_intlibspace.o)
    0x08008908   0x08008908   0x0000008a   Code   RO         1445    .text               c_w.l(lludiv10.o)
    0x08008992   0x08008992   0x00000002   PAD
    0x08008994   0x08008994   0x00000030   Code   RO         1447    .text               c_w.l(_printf_char_common.o)
    0x080089c4   0x080089c4   0x00000080   Code   RO         1449    .text               c_w.l(_printf_fp_infnan.o)
    0x08008a44   0x08008a44   0x000000e4   Code   RO         1451    .text               c_w.l(bigflt0.o)
    0x08008b28   0x08008b28   0x00000008   Code   RO         1476    .text               c_w.l(ferror.o)
    0x08008b30   0x08008b30   0x00000008   Code   RO         1507    .text               c_w.l(libspace.o)
    0x08008b38   0x08008b38   0x0000004a   Code   RO         1510    .text               c_w.l(sys_stackheap_outer.o)
    0x08008b82   0x08008b82   0x00000012   Code   RO         1514    .text               c_w.l(exit.o)
    0x08008b94   0x08008b94   0x00000080   Code   RO         1516    .text               c_w.l(strcmpv7m.o)
    0x08008c14   0x08008c14   0x0000003e   Code   RO         1454    CL$$btod_d2e        c_w.l(btod.o)
    0x08008c52   0x08008c52   0x00000046   Code   RO         1456    CL$$btod_d2e_denorm_low  c_w.l(btod.o)
    0x08008c98   0x08008c98   0x00000060   Code   RO         1455    CL$$btod_d2e_norm_op1  c_w.l(btod.o)
    0x08008cf8   0x08008cf8   0x00000338   Code   RO         1464    CL$$btod_div_common  c_w.l(btod.o)
    0x08009030   0x08009030   0x000000dc   Code   RO         1461    CL$$btod_e2e        c_w.l(btod.o)
    0x0800910c   0x0800910c   0x0000002a   Code   RO         1458    CL$$btod_ediv       c_w.l(btod.o)
    0x08009136   0x08009136   0x0000002a   Code   RO         1457    CL$$btod_emul       c_w.l(btod.o)
    0x08009160   0x08009160   0x00000244   Code   RO         1463    CL$$btod_mult_common  c_w.l(btod.o)
    0x080093a4   0x080093a4   0x00000030   Code   RO         1503    i.__ARM_fpclassify  m_wm.l(fpclassify.o)
    0x080093d4   0x080093d4   0x00000004   PAD
    0x080093d8   0x080093d8   0x000000c8   Code   RO         1333    i.__hardfp_cos      m_wm.l(cos.o)
    0x080094a0   0x080094a0   0x000000c8   Code   RO         1345    i.__hardfp_sin      m_wm.l(sin.o)
    0x08009568   0x08009568   0x0000007a   Code   RO         1357    i.__hardfp_sqrt     m_wm.l(sqrt.o)
    0x080095e2   0x080095e2   0x00000006   PAD
    0x080095e8   0x080095e8   0x00000438   Code   RO         1409    i.__ieee754_rem_pio2  m_wm.l(rred.o)
    0x08009a20   0x08009a20   0x00000170   Code   RO         1392    i.__kernel_cos      m_wm.l(cos_i.o)
    0x08009b90   0x08009b90   0x000000f8   Code   RO         1505    i.__kernel_poly     m_wm.l(poly.o)
    0x08009c88   0x08009c88   0x00000130   Code   RO         1414    i.__kernel_sin      m_wm.l(sin_i.o)
    0x08009db8   0x08009db8   0x00000014   Code   RO         1396    i.__mathlib_dbl_infnan  m_wm.l(dunder.o)
    0x08009dcc   0x08009dcc   0x00000004   PAD
    0x08009dd0   0x08009dd0   0x00000020   Code   RO         1398    i.__mathlib_dbl_invalid  m_wm.l(dunder.o)
    0x08009df0   0x08009df0   0x00000020   Code   RO         1401    i.__mathlib_dbl_underflow  m_wm.l(dunder.o)
    0x08009e10   0x08009e10   0x0000000e   Code   RO         1297    i._is_digit         c_w.l(__printf_wp.o)
    0x08009e1e   0x08009e1e   0x00000018   Code   RO         1499    i.fabs              m_wm.l(fabs.o)
    0x08009e36   0x08009e36   0x00000002   PAD
    0x08009e38   0x08009e38   0x0000002c   Code   RO         1481    locale$$code        c_w.l(lc_numeric_c.o)
    0x08009e64   0x08009e64   0x00000018   Code   RO         1313    x$fpl$basic         fz_wm.l(basic.o)
    0x08009e7c   0x08009e7c   0x00000062   Code   RO         1315    x$fpl$d2f           fz_wm.l(d2f.o)
    0x08009ede   0x08009ede   0x00000002   PAD
    0x08009ee0   0x08009ee0   0x00000150   Code   RO         1317    x$fpl$dadd          fz_wm.l(daddsub_clz.o)
    0x0800a030   0x0800a030   0x000002b0   Code   RO         1324    x$fpl$ddiv          fz_wm.l(ddiv.o)
    0x0800a2e0   0x0800a2e0   0x0000005e   Code   RO         1485    x$fpl$dfix          fz_wm.l(dfix.o)
    0x0800a33e   0x0800a33e   0x0000002e   Code   RO         1490    x$fpl$dflt          fz_wm.l(dflt_clz.o)
    0x0800a36c   0x0800a36c   0x00000026   Code   RO         1489    x$fpl$dfltu         fz_wm.l(dflt_clz.o)
    0x0800a392   0x0800a392   0x00000002   PAD
    0x0800a394   0x0800a394   0x00000154   Code   RO         1327    x$fpl$dmul          fz_wm.l(dmul.o)
    0x0800a4e8   0x0800a4e8   0x0000009c   Code   RO         1381    x$fpl$dnaninf       fz_wm.l(dnaninf.o)
    0x0800a584   0x0800a584   0x0000000c   Code   RO         1383    x$fpl$dretinf       fz_wm.l(dretinf.o)
    0x0800a590   0x0800a590   0x00000016   Code   RO         1318    x$fpl$drsb          fz_wm.l(daddsub_clz.o)
    0x0800a5a6   0x0800a5a6   0x00000002   PAD
    0x0800a5a8   0x0800a5a8   0x00000198   Code   RO         1385    x$fpl$dsqrt         fz_wm.l(dsqrt_umaal.o)
    0x0800a740   0x0800a740   0x000001d4   Code   RO         1319    x$fpl$dsub          fz_wm.l(daddsub_clz.o)
    0x0800a914   0x0800a914   0x00000056   Code   RO         1329    x$fpl$f2d           fz_wm.l(f2d.o)
    0x0800a96a   0x0800a96a   0x0000008c   Code   RO         1387    x$fpl$fnaninf       fz_wm.l(fnaninf.o)
    0x0800a9f6   0x0800a9f6   0x0000000a   Code   RO         1573    x$fpl$fpinit        fz_wm.l(fpinit.o)
    0x0800aa00   0x0800aa00   0x0000000a   Code   RO         1389    x$fpl$fretinf       fz_wm.l(fretinf.o)
    0x0800aa0a   0x0800aa0a   0x00000004   Code   RO         1331    x$fpl$printf1       fz_wm.l(printf1.o)
    0x0800aa0e   0x0800aa0e   0x00000000   Code   RO         1391    x$fpl$usenofp       fz_wm.l(usenofp.o)
    0x0800aa0e   0x0800aa0e   0x00000002   PAD
    0x0800aa10   0x0800aa10   0x00000030   Data   RO         1393    .constdata          m_wm.l(cos_i.o)
    0x0800aa40   0x0800aa40   0x000000c8   Data   RO         1411    .constdata          m_wm.l(rred.o)
    0x0800ab08   0x0800ab08   0x00000028   Data   RO         1415    .constdata          m_wm.l(sin_i.o)
    0x0800ab30   0x0800ab30   0x00000094   Data   RO         1452    .constdata          c_w.l(bigflt0.o)
    0x0800abc4   0x0800abc4   0x00000020   Data   RO         1644    Region$$Table       anon$$obj.o
    0x0800abe4   0x0800abe4   0x0000001c   Data   RO         1480    locale$$data        c_w.l(lc_numeric_c.o)


    Execution Region RW_IRAM1 (Exec base: 0x20000000, Load base: 0x0800ac00, Size: 0x00000e70, Max: 0x00020000, ABSOLUTE, COMPRESSED[0x000000b0])

    Exec Addr    Load Addr    Size         Type   Attr      Idx    E Section Name        Object

    0x20000000   COMPRESSED   0x00000014   Data   RW          304    .data               system_stm32f4xx.o
    0x20000014   COMPRESSED   0x00000010   Data   RW          397    .data               stm32f4xx_rcc.o
    0x20000024   COMPRESSED   0x00000004   Data   RW          579    .data               delay.o
    0x20000028   COMPRESSED   0x00000006   Data   RW          626    .data               usart.o
    0x2000002e   COMPRESSED   0x00000002   PAD
    0x20000030   COMPRESSED   0x00000012   Data   RW          656    .data               timer2.o
    0x20000042   COMPRESSED   0x00000002   PAD
    0x20000044   COMPRESSED   0x00000048   Data   RW          747    .data               can1.o
    0x2000008c   COMPRESSED   0x00000008   Data   RW          774    .data               can2.o
    0x20000094   COMPRESSED   0x00000002   Data   RW          821    .data               scope.o
    0x20000096   COMPRESSED   0x00000002   PAD
    0x20000098   COMPRESSED   0x0000002f   Data   RW          845    .data               ras_usart.o
    0x200000c7   COMPRESSED   0x00000001   PAD
    0x200000c8   COMPRESSED   0x0000001a   Data   RW          892    .data               exti.o
    0x200000e2   COMPRESSED   0x00000005   Data   RW          918    .data               switch.o
    0x200000e7   COMPRESSED   0x00000001   PAD
    0x200000e8   COMPRESSED   0x0000005e   Data   RW          945    .data               gyro_uart.o
    0x20000146   COMPRESSED   0x00000024   Data   RW          972    .data               pstwo_line.o
    0x2000016a   COMPRESSED   0x00000002   PAD
    0x2000016c   COMPRESSED   0x0000000c   Data   RW          998    .data               task.o
    0x20000178   COMPRESSED   0x000000bc   Data   RW         1032    .data               chassis.o
    0x20000234   COMPRESSED   0x0000009c   Data   RW         1107    .data               point_to_point.o
    0x200002d0   COMPRESSED   0x0000000b   Data   RW         1220    .data               ps2_task.o
    0x200002db   COMPRESSED   0x00000004   Data   RW         1251    .data               remote_task.o
    0x200002df   COMPRESSED   0x00000001   PAD
    0x200002e0        -       0x000000c8   Zero   RW          625    .bss                usart.o
    0x200003a8        -       0x000000e8   Zero   RW          746    .bss                can1.o
    0x20000490        -       0x00000054   Zero   RW          773    .bss                can2.o
    0x200004e4        -       0x0000002a   Zero   RW          820    .bss                scope.o
    0x2000050e        -       0x00000040   Zero   RW          844    .bss                ras_usart.o
    0x2000054e        -       0x00000010   Zero   RW          891    .bss                exti.o
    0x2000055e        -       0x000000fa   Zero   RW          944    .bss                gyro_uart.o
    0x20000658        -       0x00000009   Zero   RW          971    .bss                pstwo_line.o
    0x20000661   COMPRESSED   0x00000003   PAD
    0x20000664        -       0x00000060   Zero   RW         1031    .bss                chassis.o
    0x200006c4        -       0x00000048   Zero   RW         1058    .bss                pid.o
    0x2000070c        -       0x00000068   Zero   RW         1106    .bss                point_to_point.o
    0x20000774        -       0x00000098   Zero   RW         1170    .bss                global_localization.o
    0x2000080c        -       0x00000060   Zero   RW         1508    .bss                c_w.l(libspace.o)
    0x2000086c   COMPRESSED   0x00000004   PAD
    0x20000870        -       0x00000200   Zero   RW          328    HEAP                startup_stm32f40_41xxx.o
    0x20000a70        -       0x00000400   Zero   RW          327    STACK               startup_stm32f40_41xxx.o


==============================================================================

Image component sizes


      Code (inc. data)   RO Data    RW Data    ZI Data      Debug   Object Name

      4720        262          0         72        232      11958   can1.o
       736         28          0          8         84       3985   can2.o
      1868        138          0        188         96       4588   chassis.o
       260          8          0          4          0       1749   delay.o
       824         30          0          0          0       2699   encoder.o
       264         32          0         26         16       2102   exti.o
       376          4          0          0          0       2178   fs_pid.o
      1520         60          0          0        152       3873   global_localization.o
       508         72          0         94        250       2193   gyro_uart.o
       448         34          0          0          0       1074   led.o
       192         32          0          0          0     298557   main.o
       224         20          0          0          0       2089   misc.o
       620         24          0          0         72       3546   pid.o
      2312        232          0        156        104       5864   point_to_point.o
      1728        216          0         11          0       3432   ps2_task.o
      1052         28          0         36          9       4255   pstwo_line.o
       580         42          0         47         64       3232   ras_usart.o
      2168        264          0          4          0       2841   remote_task.o
       460         42          0          2         42       2917   scope.o
        64         26        392          0       1536        936   startup_stm32f40_41xxx.o
      2544         38          0          0          0       8416   stm32f4xx_can.o
       272         10          0          0          0       2559   stm32f4xx_exti.o
       660         44          0          0          0       4429   stm32f4xx_gpio.o
        26          0          0          0          0       1358   stm32f4xx_it.o
      1628         52          0         16          0      13440   stm32f4xx_rcc.o
       148         12          0          0          0       1981   stm32f4xx_syscfg.o
      3234         60          0          0          0      23284   stm32f4xx_tim.o
      1108         34          0          0          0       8152   stm32f4xx_usart.o
       228         34          0          5          0       1509   switch.o
       528         46          0         20          0       2183   system_stm32f4xx.o
      1024        160          0         12          0       4723   task.o
       268         50          0         18          0       1704   timer2.o
       332         18          0          6        200       3706   usart.o

    ----------------------------------------------------------------------
     32928       2152        424        736       2860     441512   Object Totals
         0          0         32          0          0          0   (incl. Generated)
         4          0          0         11          3          0   (incl. Padding)

    ----------------------------------------------------------------------

      Code (inc. data)   RO Data    RW Data    ZI Data      Debug   Library Member Name

        90          0          0          0          0          0   __dczerorl2.o
         8          0          0          0          0         68   __main.o
       284          0          0          0          0        156   __printf_wp.o
         0          0          0          0          0          0   __rtentry.o
        12          0          0          0          0          0   __rtentry2.o
         6          0          0          0          0          0   __rtentry4.o
        52          8          0          0          0          0   __scatter.o
        28          0          0          0          0          0   __scatter_zi.o
        48          6          0          0          0         96   _printf_char_common.o
        36          4          0          0          0         80   _printf_char_file.o
         6          0          0          0          0          0   _printf_f.o
      1054          0          0          0          0        216   _printf_fp_dec.o
       128         16          0          0          0         84   _printf_fp_infnan.o
        78          0          0          0          0        108   _printf_pad.o
         0          0          0          0          0          0   _printf_percent.o
         4          0          0          0          0          0   _printf_percent_end.o
        22          0          0          0          0        100   _rserrno.o
       228          4        148          0          0         96   bigflt0.o
      1936        128          0          0          0        672   btod.o
        18          0          0          0          0         80   exit.o
         8          0          0          0          0         68   ferror.o
         6          0          0          0          0        152   heapauxi.o
        44         10         28          0          0         76   lc_numeric_c.o
         2          0          0          0          0          0   libinit.o
        22          0          0          0          0          0   libinit2.o
         2          0          0          0          0          0   libshutdown.o
         2          0          0          0          0          0   libshutdown2.o
         8          4          0          0         96         68   libspace.o
       138          0          0          0          0         80   lludiv10.o
        24          4          0          0          0         84   noretval__2printf.o
         8          4          0          0          0         68   rt_errno_addr_intlibspace.o
         8          4          0          0          0         68   rt_locale_intlibspace.o
         2          0          0          0          0          0   rtexit.o
        10          0          0          0          0          0   rtexit2.o
       128          0          0          0          0         68   strcmpv7m.o
        74          0          0          0          0         80   sys_stackheap_outer.o
         2          0          0          0          0         68   use_no_semi.o
         2          0          0          0          0         68   use_no_semi_2.o
        24          0          0          0          0        164   basic.o
        98          4          0          0          0        140   d2f.o
       826         16          0          0          0        492   daddsub_clz.o
       688        140          0          0          0        256   ddiv.o
        94          4          0          0          0        140   dfix.o
        84          0          0          0          0        232   dflt_clz.o
       340         12          0          0          0        152   dmul.o
       156          4          0          0          0        140   dnaninf.o
        12          0          0          0          0        116   dretinf.o
       408         56          0          0          0        168   dsqrt_umaal.o
        86          4          0          0          0        132   f2d.o
       140          4          0          0          0        132   fnaninf.o
        10          0          0          0          0        116   fpinit.o
        10          0          0          0          0        116   fretinf.o
         4          0          0          0          0        116   printf1.o
         0          0          0          0          0          0   usenofp.o
       200         20          0          0          0        164   cos.o
       368         46         48          0          0        200   cos_i.o
        84         16          0          0          0        372   dunder.o
        24          0          0          0          0        124   fabs.o
        48          0          0          0          0        124   fpclassify.o
       248          0          0          0          0        152   poly.o
      1080        142        200          0          0        188   rred.o
       200         20          0          0          0        164   sin.o
       304         24         40          0          0        208   sin_i.o
       122          0          0          0          0        148   sqrt.o

    ----------------------------------------------------------------------
     10216        704        464          0        100       7160   Library Totals
        30          0          0          0          4          0   (incl. Padding)

    ----------------------------------------------------------------------

      Code (inc. data)   RO Data    RW Data    ZI Data      Debug   Library Name

      4528        192        176          0         96       2704   c_w.l
      2980        244          0          0          0       2612   fz_wm.l
      2678        268        288          0          0       1844   m_wm.l

    ----------------------------------------------------------------------
     10216        704        464          0        100       7160   Library Totals

    ----------------------------------------------------------------------

==============================================================================


      Code (inc. data)   RO Data    RW Data    ZI Data      Debug   

     43144       2856        888        736       2960     437916   Grand Totals
     43144       2856        888        176       2960     437916   ELF Image Totals (compressed)
     43144       2856        888        176          0          0   ROM Totals

==============================================================================

    Total RO  Size (Code + RO Data)                44032 (  43.00kB)
    Total RW  Size (RW Data + ZI Data)              3696 (   3.61kB)
    Total ROM Size (Code + RO Data + RW Data)      44208 (  43.17kB)

==============================================================================

