<html>
<body>
<pre>
<h1>礦ision Build Log</h1>
<h2>Tool Versions:</h2>
IDE-Version: μVision V5.25.2.0
Copyright (C) 2018 ARM Ltd and ARM Germany GmbH. All rights reserved.
License Information: ELEN GIGI, LOVE, LIC=Y2BNN-YXGAF-66GQS-LWLHC-5VIYL-IG1C7
 
Tool Versions:
Toolchain:       MDK-ARM Professional  Version: 5.25.2.0
Toolchain Path:  D:\Keil V5\ARM\ARMCC\Bin
C Compiler:      Armcc.exe V5.06 update 6 (build 750)
Assembler:       Armasm.exe V5.06 update 6 (build 750)
Linker/Locator:  ArmLink.exe V5.06 update 6 (build 750)
Library Manager: ArmAr.exe V5.06 update 6 (build 750)
Hex Converter:   FromElf.exe V5.06 update 6 (build 750)
CPU DLL:         SARMCM3.DLL V5.25.2.0
Dialog DLL:      DCM.DLL V1.17.1.0
Target DLL:      STLink\ST-LINKIII-KEIL_SWO.dll V3.0.1.0
Dialog DLL:      TCM.DLL V1.35.1.0
 
<h2>Project:</h2>
E:\2018Robocon\ROBOCON_MR_CODE\CODE\比赛备份代码！！！！！！！！！！！！1\Robocon手动车上场稳定版\Robocon手动车场上稳定版\Robocon手动车-520\USER\Template.uvprojx
Project File Date:  07/04/2018

<h2>Output:</h2>
*** Using Compiler 'V5.06 update 6 (build 750)', folder: 'D:\Keil V5\ARM\ARMCC\Bin'
Build target 'Template'
compiling stm32f4xx_it.c...
compiling system_stm32f4xx.c...
compiling main.c...
assembling startup_stm32f40_41xxx.s...
compiling misc.c...
compiling stm32f4xx_dma.c...
compiling stm32f4xx_gpio.c...
compiling stm32f4xx_rcc.c...
compiling stm32f4xx_spi.c...
compiling stm32f4xx_syscfg.c...
compiling stm32f4xx_tim.c...
compiling stm32f4xx_hash.c...
compiling stm32f4xx_usart.c...
compiling stm32f4xx_iwdg.c...
compiling stm32f4xx_can.c...
compiling stm32f4xx_exti.c...
compiling delay.c...
compiling sys.c...
compiling usart.c...
compiling timer2.c...
compiling protocol.c...
compiling Encoder.c...
compiling iwdg.c...
compiling can1.c...
compiling can2.c...
compiling uart4_FireRC.c...
compiling scope.c...
compiling Ras_usart.c...
compiling led.c...
compiling exti.c...
compiling switch.c...
compiling gyro_uart.c...
compiling pstwo_line.c...
compiling positioning.c...
compiling task.c...
..\APP\task.c(437): warning:  #181-D: argument is incompatible with corresponding format string conversion
  	printf("X : %5f  Vx:%5f  POS:%5f \r\n", -ROBOT_POSITION.Y_POS,Vx,Real_Position_Value[0]);
..\APP\task.c: 1 warning, 0 errors
compiling fs_pid.c...
compiling Chassis.c...
compiling PID.c...
compiling Remote_Control.c...
compiling point_to_point.c...
compiling WFLY_REMOTE.c...
compiling global_localization.c...
compiling Servo.c...
compiling PS2_TASK.c...
compiling REMOTE_TASK.c...
linking...
Program Size: Code=43144 RO-data=888 RW-data=736 ZI-data=2960  
FromELF: creating hex file...
"..\OBJ\Template.axf" - 0 Error(s), 1 Warning(s).

<h2>Software Packages used:</h2>

Package Vendor: Keil
                http://www.keil.com/pack/Keil.STM32F4xx_DFP.2.13.0.pack
                Keil.STM32F4xx_DFP.2.13.0
                STMicroelectronics STM32F4 Series Device Support, Drivers and Examples

<h2>Collection of Component include folders:</h2>
  .\RTE\_Template
  D:\Keil V5\ARM\PACK\Keil\STM32F4xx_DFP\2.13.0\Drivers\CMSIS\Device\ST\STM32F4xx\Include

<h2>Collection of Component Files used:</h2>
Build Time Elapsed:  00:00:19
</pre>
</body>
</html>
